******************************************************************************
                  TI ARM Linker PC v15.12.3                    
******************************************************************************
>> Linked Thu Dec 14 15:10:37 2017

OUTPUT FILE NAME:   <EnvMonitor.out>
ENTRY POINT SYMBOL: "_c_int00"  address: 00006e95


MEMORY CONFIGURATION

         name            origin    length      used     unused   attr    fill
----------------------  --------  ---------  --------  --------  ----  --------
  MAIN                  00000000   00040000  00007890  00038770  R  X
  INFO                  00200000   00004000  00000000  00004000  R  X
  SRAM_CODE             01000000   00010000  000005d2  0000fa2e  RW X
  SRAM_DATA             20000000   00010000  000005d2  0000fa2e  RW  


SEGMENT ALLOCATION MAP

run origin  load origin   length   init length attrs members
----------  ----------- ---------- ----------- ----- -------
00000000    00000000    00007894   00007894    r-x
  00000000    00000000    000000e4   000000e4    r-- .intvecs
  000000e4    000000e4    00006ff8   00006ff8    r-x .text
  000070e0    000070e0    00000610   00000610    r-- .const
  000076f0    000076f0    000001a4   000001a4    r-- .cinit
20000000    20000000    000003da   00000000    rw-
  20000000    20000000    000000e4   00000000    rw- .vtable
  200000e8    200000e8    0000018c   00000000    rw- .data
  20000278    20000278    00000162   00000000    rw- .bss
2000fe00    2000fe00    00000200   00000000    rw-
  2000fe00    2000fe00    00000200   00000000    rw- .stack


SECTION ALLOCATION MAP

 output                                  attributes/
section   page    origin      length       input sections
--------  ----  ----------  ----------   ----------------
.intvecs   0    00000000    000000e4     
                  00000000    000000e4     startup_msp432p401r_ccs.obj (.intvecs:retain)

.binit     0    00000000    00000000     

.text      0    000000e4    00006ff8     
                  000000e4    000015a8     flash.obj (.text)
                  0000168c    000009ac     rtsv7M4_T_le_v4SPD16_eabi.lib : e_pow.obj (.text)
                  00002038    000008a4     spi.obj (.text)
                  000028dc    000007a8     i2c.obj (.text)
                  00003084    00000730     main.obj (.text)
                  000037b4    00000678     Crystalfontz128x128_ST7735.obj (.text)
                  00003e2c    00000630     string.obj (.text)
                  0000445c    00000490     line.obj (.text)
                  000048ec    00000480     gpio.obj (.text)
                  00004d6c    00000438     HAL_TMP006.obj (.text)
                  000051a4    000003f0     interrupt.obj (.text)
                  00005594    0000032c     system_msp432p401r.obj (.text)
                  000058c0    00000324     rtsv7M4_T_le_v4SPD16_eabi.lib : trgdrv.obj (.text)
                  00005be4    00000266     context.obj (.text)
                  00005e4a    00000002     rtsv7M4_T_le_v4SPD16_eabi.lib : mpu_init.obj (.text)
                  00005e4c    00000244     sysctl.obj (.text)
                  00006090    000001b6     rtsv7M4_T_le_v4SPD16_eabi.lib : fd_add_t2.obj (.text)
                  00006246    00000002                                   : startup.obj (.text)
                  00006248    00000170                                   : e_sqrt.obj (.text)
                  000063b8    0000013c     HAL_OPT3001.obj (.text)
                  000064f4    00000136     rtsv7M4_T_le_v4SPD16_eabi.lib : fd_div_t2.obj (.text)
                  0000662a    00000134     display.obj (.text)
                  0000675e    00000002     --HOLE-- [fill = 0]
                  00006760    00000118     HAL_I2C.obj (.text)
                  00006878    000000fc     rtsv7M4_T_le_v4SPD16_eabi.lib : fd_mul_t2.obj (.text)
                  00006974    000000fc                                   : s_scalbn.obj (.text)
                  00006a70    000000bc     HAL_MSP_EXP432P401R_Crystalfontz128x128_ST7735.obj (.text)
                  00006b2c    0000009c     rtsv7M4_T_le_v4SPD16_eabi.lib : memcpy_t2.obj (.text)
                  00006bc8    00000086                                   : fd_cmp_t2.obj (.text:__aeabi_cdcmple)
                  00006c4e    00000086                                   : fd_cmp_t2.obj (.text:__aeabi_cdrcmple)
                  00006cd4    0000007a                                   : memset_t2.obj (.text)
                  00006d4e    00000002     --HOLE-- [fill = 0]
                  00006d50    00000070                                   : autoinit.obj (.text)
                  00006dc0    0000006a                                   : copy_decompress_rle.obj (.text)
                  00006e2a    00000002     --HOLE-- [fill = 0]
                  00006e2c    00000068                                   : trgmsg.obj (.text)
                  00006e94    00000054                                   : boot.obj (.text)
                  00006ee8    00000054                                   : exit.obj (.text)
                  00006f3c    0000004c                                   : atoi.obj (.text)
                  00006f88    0000004c                                   : cpy_tbl.obj (.text)
                  00006fd4    0000003e     cpu.obj (.text)
                  00007012    0000002e     rtsv7M4_T_le_v4SPD16_eabi.lib : i_tofd_t2.obj (.text)
                  00007040    00000018                                   : args_main.obj (.text)
                  00007058    00000014                                   : _lock.obj (.text)
                  0000706c    00000014                                   : s_copysign.obj (.text)
                  00007080    00000014                                   : strcpy.obj (.text)
                  00007094    00000014                                   : strlen.obj (.text)
                  000070a8    0000000e                                   : copy_decompress_none.obj (.text:decompress:none)
                  000070b6    0000000e                                   : time.obj (.text)
                  000070c4    0000000e     startup_msp432p401r_ccs.obj (.text)
                  000070d2    00000006     rtsv7M4_T_le_v4SPD16_eabi.lib : copy_decompress_rle.obj (.text:decompress:rle24)
                  000070d8    00000004                                   : pre_init.obj (.text)

.const     0    000070e0    00000610     
                  000070e0    000002f8     fontfixed6x8.obj (.const:.string:g_pucFontFixed6x8Data)
                  000073d8    00000101     rtsv7M4_T_le_v4SPD16_eabi.lib : ctype.obj (.const:.string:_ctypes_)
                  000074d9    00000003     --HOLE-- [fill = 0]
                  000074dc    000000c8     fontfixed6x8.obj (.const:g_sFontFixed6x8)
                  000075a4    00000050     interrupt.obj (.const:g_pulRegs)
                  000075f4    00000004     --HOLE-- [fill = 0]
                  000075f8    00000030     rtsv7M4_T_le_v4SPD16_eabi.lib : e_pow.obj (.const:$O1$$)
                  00007628    0000002c     Crystalfontz128x128_ST7735.obj (.const:g_sCrystalfontz128x128)
                  00007654    00000020     interrupt.obj (.const:g_pulPriority)
                  00007674    0000001c     HAL_MSP_EXP432P401R_Crystalfontz128x128_ST7735.obj (.const:$P$T0$1)
                  00007690    0000001c     gpio.obj (.const:GPIO_PORT_TO_INT)
                  000076ac    00000014     HAL_I2C.obj (.const:i2cConfig)
                  000076c0    00000008     Crystalfontz128x128_ST7735.obj (.const:$P$T0$1)
                  000076c8    00000008     flash.obj (.const)
                  000076d0    00000008     interrupt.obj (.const:g_pulDisRegs)
                  000076d8    00000008     interrupt.obj (.const:g_pulEnRegs)
                  000076e0    00000008     interrupt.obj (.const:g_pulPendRegs)
                  000076e8    00000008     interrupt.obj (.const:g_pulUnpendRegs)

.cinit     0    000076f0    000001a4     
                  000076f0    00000161     (.cinit..data.load) [load image, compression = rle]
                  00007851    00000007     --HOLE-- [fill = 0]
                  00007858    0000000b     (.cinit..bss.load) [load image, compression = rle]
                  00007863    00000005     --HOLE-- [fill = 0]
                  00007868    00000009     (.cinit..vtable.load) [load image, compression = rle]
                  00007871    00000003     --HOLE-- [fill = 0]
                  00007874    00000008     (__TI_handler_table)
                  0000787c    00000018     (__TI_cinit_table)

.init_array 
*          0    00000000    00000000     UNINITIALIZED

.vtable    0    20000000    000000e4     UNINITIALIZED
                  20000000    000000e4     interrupt.obj (.vtable)

.data      0    200000e8    0000018c     UNINITIALIZED
                  200000e8    0000006c     main.obj (.data)
                  20000154    00000040     flash.obj (.data:__getBurstProgramRegs)
                  20000194    00000030     gpio.obj (.data:GPIO_PORT_TO_BASE)
                  200001c4    0000001c     main.obj (.data:msgAirOff)
                  200001e0    0000001a     main.obj (.data:msgAirOn)
                  200001fa    00000012     main.obj (.data:lampApagada)
                  2000020c    00000010     main.obj (.data:lampAcesa)
                  2000021c    0000000d     main.obj (.data:msgArDesligado)
                  20000229    00000003     --HOLE--
                  2000022c    0000000c     rtsv7M4_T_le_v4SPD16_eabi.lib : exit.obj (.data:$O1$$)
                  20000238    0000000c     main.obj (.data:msgLuzApagada)
                  20000244    0000000a     main.obj (.data:msgArLigado)
                  2000024e    0000000a     main.obj (.data:msgLuzAcesa)
                  20000258    00000008     rtsv7M4_T_le_v4SPD16_eabi.lib : _lock.obj (.data:$O1$$)
                  20000260    00000008     HAL_TMP006.obj (.data)
                  20000268    00000004     rtsv7M4_T_le_v4SPD16_eabi.lib : errno.obj (.data)
                  2000026c    00000004                                   : stkdepth_vars.obj (.data)
                  20000270    00000004     system_msp432p401r.obj (.data)

.bss       0    20000278    00000162     UNINITIALIZED
                  20000278    00000120     rtsv7M4_T_le_v4SPD16_eabi.lib : trgmsg.obj (.bss:_CIOBUF_)
                  20000398    0000001c     (.common:g_sContext)
                  200003b4    00000008                                   : trgdrv.obj (.bss:parmbuf)
                  200003bc    00000004     (.common:config)
                  200003c0    00000008     (.common:temp)
                  200003c8    00000004     (.common:lum)
                  200003cc    00000004     (.common:tempArr)
                  200003d0    00000002     (.common:Lcd_ScreenHeigth)
                  200003d2    00000002     (.common:Lcd_ScreenWidth)
                  200003d4    00000002     (.common:Lcd_TouchTrim)
                  200003d6    00000001     (.common:Lcd_FlagRead)
                  200003d7    00000001     (.common:Lcd_FontSolid)
                  200003d8    00000001     (.common:Lcd_Orientation)
                  200003d9    00000001     (.common:Lcd_PenSolid)

.stack     0    2000fe00    00000200     UNINITIALIZED
                  2000fe00    00000200     --HOLE--

MODULE SUMMARY

       Module                                               code    ro data   rw data
       ------                                               ----    -------   -------
    .\
       main.obj                                             1840    0         578    
       HAL_TMP006.obj                                       1080    0         16     
       system_msp432p401r.obj                               812     0         8      
       HAL_OPT3001.obj                                      316     0         0      
       HAL_I2C.obj                                          280     20        0      
       startup_msp432p401r_ccs.obj                          14      228       0      
    +--+----------------------------------------------------+-------+---------+---------+
       Total:                                               4342    248       602    
                                                                                     
    .\GrLib\fonts\
       fontfixed6x8.obj                                     0       960       0      
    +--+----------------------------------------------------+-------+---------+---------+
       Total:                                               0       960       0      
                                                                                     
    .\GrLib\grlib\
       string.obj                                           1584    0         0      
       line.obj                                             1168    0         0      
       context.obj                                          614     0         0      
       display.obj                                          308     0         0      
    +--+----------------------------------------------------+-------+---------+---------+
       Total:                                               3674    0         0      
                                                                                     
    .\LcdDriver\
       Crystalfontz128x128_ST7735.obj                       1656    52        20     
       HAL_MSP_EXP432P401R_Crystalfontz128x128_ST7735.obj   188     28        0      
    +--+----------------------------------------------------+-------+---------+---------+
       Total:                                               1844    80        20     
                                                                                     
    .\driverlib\MSP432P4xx\
       flash.obj                                            5544    8         128    
       spi.obj                                              2212    0         0      
       i2c.obj                                              1960    0         0      
       interrupt.obj                                        1008    144       456    
       gpio.obj                                             1152    28        96     
       sysctl.obj                                           580     0         0      
       cpu.obj                                              62      0         0      
    +--+----------------------------------------------------+-------+---------+---------+
       Total:                                               12518   180       680    
                                                                                     
    C:\ti\ccsv6\tools\compiler\arm_15.12.3.LTS\lib\rtsv7M4_T_le_v4SPD16_eabi.lib
       e_pow.obj                                            2476    48        0      
       trgdrv.obj                                           804     0         16     
       trgmsg.obj                                           104     0         576    
       fd_add_t2.obj                                        438     0         0      
       e_sqrt.obj                                           368     0         0      
       fd_div_t2.obj                                        310     0         0      
       fd_cmp_t2.obj                                        268     0         0      
       ctype.obj                                            0       257       0      
       fd_mul_t2.obj                                        252     0         0      
       s_scalbn.obj                                         252     0         0      
       memcpy_t2.obj                                        156     0         0      
       memset_t2.obj                                        122     0         0      
       autoinit.obj                                         112     0         0      
       copy_decompress_rle.obj                              112     0         0      
       exit.obj                                             84      0         24     
       boot.obj                                             84      0         0      
       atoi.obj                                             76      0         0      
       cpy_tbl.obj                                          76      0         0      
       i_tofd_t2.obj                                        46      0         0      
       _lock.obj                                            20      0         16     
       args_main.obj                                        24      0         0      
       s_copysign.obj                                       20      0         0      
       strcpy.obj                                           20      0         0      
       strlen.obj                                           20      0         0      
       copy_decompress_none.obj                             14      0         0      
       time.obj                                             14      0         0      
       errno.obj                                            0       0         8      
       stkdepth_vars.obj                                    0       0         8      
       pre_init.obj                                         4       0         0      
       mpu_init.obj                                         2       0         0      
       startup.obj                                          2       0         0      
    +--+----------------------------------------------------+-------+---------+---------+
       Total:                                               6280    305       648    
                                                                                     
       Stack:                                               0       0         1024   
       Linker Generated:                                    0       405       0      
    +--+----------------------------------------------------+-------+---------+---------+
       Grand Total:                                         28658   2178      2974   


LINKER GENERATED COPY TABLES

__TI_cinit_table @ 0000787c records: 3, size/record: 8, table size: 24
	.data: load addr=000076f0, load size=00000161 bytes, run addr=200000e8, run size=0000018c bytes, compression=rle
	.bss: load addr=00007858, load size=0000000b bytes, run addr=20000278, run size=00000162 bytes, compression=rle
	.vtable: load addr=00007868, load size=00000009 bytes, run addr=20000000, run size=000000e4 bytes, compression=rle


LINKER GENERATED HANDLER TABLE

__TI_handler_table @ 00007874 records: 2, size/record: 4, table size: 8
	index: 0, handler: __TI_decompress_rle24
	index: 1, handler: __TI_decompress_none


GLOBAL SYMBOLS: SORTED ALPHABETICALLY BY Name 

address   name                                       
-------   ----                                       
000070d1  ADC14_IRQHandler                           
000070d1  AES256_IRQHandler                          
000070d1  BusFault_Handler                           
00006ee9  C$$EXIT                                    
00006e5b  C$$IO$$                                    
000070d1  COMP_E0_IRQHandler                         
000070d1  COMP_E1_IRQHandler                         
00007009  CPU_basepriGet                             
00006ffb  CPU_basepriSet                             
00006fd5  CPU_cpsid                                  
00006feb  CPU_cpsie                                  
00006fe1  CPU_primask                                
00006ff7  CPU_wfi                                    
200000f8  CSCTL0                                     
200000fc  CSCTL1                                     
200000f4  CSKEY                                      
000070d1  CS_IRQHandler                              
000037b5  Crystalfontz128x128_Init                   
000038c9  Crystalfontz128x128_SetDrawFrame           
000039f7  Crystalfontz128x128_SetOrientation         
20000100  DCORSEL_12MHZ                              
000070d1  DMA_ERR_IRQHandler                         
000070d1  DMA_INT0_IRQHandler                        
000070d1  DMA_INT1_IRQHandler                        
000070d1  DMA_INT2_IRQHandler                        
000070d1  DMA_INT3_IRQHandler                        
000070d1  DebugMon_Handler                           
000070d1  Default_Handler                            
00003685  EUSCIA0_IRQHandler                         
00003685  EUSCIA0_IRQHandler                         
000070d1  EUSCIA1_IRQHandler                         
000070d1  EUSCIA2_IRQHandler                         
000070d1  EUSCIA3_IRQHandler                         
000070d1  EUSCIB0_IRQHandler                         
000070d1  EUSCIB1_IRQHandler                         
000070d1  EUSCIB2_IRQHandler                         
000070d1  EUSCIB3_IRQHandler                         
000027a7  EUSCI_A_SPI_changeClockPhasePolarity       
0000285b  EUSCI_A_SPI_clearInterruptFlag             
0000288b  EUSCI_A_SPI_disable                        
00002829  EUSCI_A_SPI_disableInterrupt               
00002875  EUSCI_A_SPI_enable                         
0000280f  EUSCI_A_SPI_enableInterrupt                
00002843  EUSCI_A_SPI_getInterruptStatus             
000028a1  EUSCI_A_SPI_getReceiveBufferAddressForDMA  
000028af  EUSCI_A_SPI_getTransmitBufferAddressForDMA 
000028bd  EUSCI_A_SPI_isBusy                         
00002727  EUSCI_A_SPI_masterChangeClock              
000027ff  EUSCI_A_SPI_receiveData                    
00002707  EUSCI_A_SPI_select4PinFunctionality        
0000275d  EUSCI_A_SPI_slaveInit                      
000027e9  EUSCI_A_SPI_transmitData                   
000025d9  EUSCI_B_SPI_changeClockPhasePolarity       
0000268d  EUSCI_B_SPI_clearInterruptFlag             
000026bd  EUSCI_B_SPI_disable                        
0000265b  EUSCI_B_SPI_disableInterrupt               
000026a7  EUSCI_B_SPI_enable                         
00002641  EUSCI_B_SPI_enableInterrupt                
00002675  EUSCI_B_SPI_getInterruptStatus             
000026d3  EUSCI_B_SPI_getReceiveBufferAddressForDMA  
000026e1  EUSCI_B_SPI_getTransmitBufferAddressForDMA 
000026ef  EUSCI_B_SPI_isBusy                         
0000255d  EUSCI_B_SPI_masterChangeClock              
00002631  EUSCI_B_SPI_receiveData                    
0000253d  EUSCI_B_SPI_select4PinFunctionality        
0000258f  EUSCI_B_SPI_slaveInit                      
0000261b  EUSCI_B_SPI_transmitData                   
000070d1  FLCTL_IRQHandler                           
000070d1  FPU_IRQHandler                             
0000113b  FlashCtl_clearInterruptFlag                
00000ffb  FlashCtl_clearProgramVerification          
00001111  FlashCtl_disableInterrupt                  
00000661  FlashCtl_disableReadBuffering              
00001065  FlashCtl_disableWordProgramming            
000010fd  FlashCtl_enableInterrupt                   
0000060d  FlashCtl_enableReadBuffering               
00001035  FlashCtl_enableWordProgramming             
00000c8d  FlashCtl_eraseSector                       
0000112b  FlashCtl_getEnabledInterruptStatus         
00001125  FlashCtl_getInterruptStatus                
0000028f  FlashCtl_getMemoryInfo                     
00000af1  FlashCtl_getReadMode                       
000010cb  FlashCtl_getWaitState                      
00000b1b  FlashCtl_initiateMassErase                 
00000db5  FlashCtl_initiateSectorErase               
00000791  FlashCtl_isSectorProtected                 
00001071  FlashCtl_isWordProgrammingEnabled          
00000b41  FlashCtl_performMassErase                  
00000e55  FlashCtl_programMemory                     
00000731  FlashCtl_protectSector                     
0000114f  FlashCtl_registerInterrupt                 
00000fc1  FlashCtl_setProgramVerification            
00000a85  FlashCtl_setReadMode                       
0000108d  FlashCtl_setWaitState                      
000006c1  FlashCtl_unprotectSector                   
00001163  FlashCtl_unregisterInterrupt               
0000081d  FlashCtl_verifyMemory                      
00004c0f  GPIO_clearInterruptFlag                    
00004bcf  GPIO_disableInterrupt                      
00004bad  GPIO_enableInterrupt                       
00004c67  GPIO_getEnabledInterruptStatus             
00004b7f  GPIO_getInputPinValue                      
00004bf1  GPIO_getInterruptStatus                    
00004c31  GPIO_interruptEdgeSelect                   
00004d27  GPIO_registerInterrupt                     
00004927  GPIO_setAsInputPin                         
00004adb  GPIO_setAsInputPinWithPullDownResistor     
00004b2d  GPIO_setAsInputPinWithPullUpResistor       
000048ed  GPIO_setAsOutputPin                        
000049f1  GPIO_setAsPeripheralModuleFunctionInputPin 
0000496d  GPIO_setAsPeripheralModuleFunctionOutputPin
00004ce3  GPIO_setDriveStrengthHigh                  
00004d05  GPIO_setDriveStrengthLow                   
00004a75  GPIO_setOutputHighOnPin                    
00004a97  GPIO_setOutputLowOnPin                     
00004ab9  GPIO_toggleOutputOnPin                     
00004d47  GPIO_unregisterInterrupt                   
00005dd1  Graphics_clearDisplay                      
00006747  Graphics_clearDisplayOnDisplay             
00006699  Graphics_drawHorizontalLineOnDisplay       
00004779  Graphics_drawLine                          
0000445d  Graphics_drawLineH                         
000044f9  Graphics_drawLineV                         
00006655  Graphics_drawMultiplePixelsOnDisplay       
00005de3  Graphics_drawPixel                         
0000662b  Graphics_drawPixelOnDisplay                
00003f67  Graphics_drawString                        
000043f5  Graphics_drawStringCentered                
000066cd  Graphics_drawVerticalLineOnDisplay         
00006701  Graphics_fillRectangleOnDisplay            
00005dc3  Graphics_flushBuffer                       
00006735  Graphics_flushOnDisplay                    
00005da5  Graphics_getDisplayHeight                  
00005d95  Graphics_getDisplayWidth                   
00005d43  Graphics_getFontBaseline                   
00005d79  Graphics_getFontHeight                     
00005d87  Graphics_getFontMaxWidth                   
00005db5  Graphics_getHeightOfDisplay                
000043e5  Graphics_getStringBaseline                 
0000443d  Graphics_getStringHeight                   
0000444d  Graphics_getStringMaxWidth                 
00003e6d  Graphics_getStringWidth                    
00005e3d  Graphics_getWidthOfDisplay                 
00005be5  Graphics_initContext                       
00005cf9  Graphics_setBackgroundColor                
00005d13  Graphics_setBackgroundColorTranslated      
00005c2f  Graphics_setClipRegion                     
00005d29  Graphics_setFont                           
00005d51  Graphics_setForegroundColor                
00005d67  Graphics_setForegroundColorTranslated      
0000671f  Graphics_translateColorOnDisplay           
00006a71  HAL_LCD_PortInit                           
00006aa1  HAL_LCD_SpiInit                            
00006ad7  HAL_LCD_writeCommand                       
00006aff  HAL_LCD_writeData                          
00005b97  HOSTclock                                  
00005b5f  HOSTclose                                  
00005b21  HOSTgetenv                                 
00005ac5  HOSTlseek                                  
00005a73  HOSTopen                                   
00005a27  HOSTread                                   
000059c9  HOSTrename                                 
0000598f  HOSTtime                                   
00005945  HOSTtime64                                 
0000590d  HOSTunlink                                 
000058c1  HOSTwrite                                  
000070d1  HardFault_Handler                          
00002f3d  I2C_clearInterruptFlag                     
00002f27  I2C_disableInterrupt                       
0000298f  I2C_disableModule                          
00002ef1  I2C_disableMultiMasterMode                 
00002f11  I2C_enableInterrupt                        
00002979  I2C_enableModule                           
00002ed1  I2C_enableMultiMasterMode                  
00002f6b  I2C_getEnabledInterruptStatus              
00002f53  I2C_getInterruptStatus                     
00002f7b  I2C_getMode                                
00002e77  I2C_getReceiveBufferAddressForDMA          
00002e85  I2C_getTransmitBufferAddressForDMA         
00006779  I2C_init                                   
000028dd  I2C_initMaster                             
0000293f  I2C_initSlave                              
00002a33  I2C_isBusBusy                              
00002ea5  I2C_masterIsStartSent                      
00002e93  I2C_masterIsStopSent                       
00002d9d  I2C_masterReceiveMultiByteFinish           
00002ddb  I2C_masterReceiveMultiByteFinishWithTimeout
00002d85  I2C_masterReceiveMultiByteNext             
00002e39  I2C_masterReceiveMultiByteStop             
00002e4d  I2C_masterReceiveSingle                    
000029d5  I2C_masterReceiveSingleByte                
00002d6b  I2C_masterReceiveStart                     
00002c4b  I2C_masterSendMultiByteFinish              
00002c99  I2C_masterSendMultiByteFinishWithTimeout   
00002be1  I2C_masterSendMultiByteNext                
00002c0d  I2C_masterSendMultiByteNextWithTimeout     
00002b37  I2C_masterSendMultiByteStart               
00002b85  I2C_masterSendMultiByteStartWithTimeout    
00002d05  I2C_masterSendMultiByteStop                
00002d2f  I2C_masterSendMultiByteStopWithTimeout     
00002a45  I2C_masterSendSingleByte                   
00002aab  I2C_masterSendSingleByteWithTimeout        
00002ebd  I2C_masterSendStart                        
00006791  I2C_read16                                 
00002f91  I2C_registerInterrupt                      
000029b9  I2C_setMode                                
000029a5  I2C_setSlaveAddress                        
0000685b  I2C_setslave                               
00002a1f  I2C_slaveGetData                           
00002a09  I2C_slavePutData                           
00003053  I2C_slaveSendNAK                           
00002ff7  I2C_unregisterInterrupt                    
00006817  I2C_write16                                
00006761  Init_I2C_GPIO                              
00005367  Interrupt_disableInterrupt                 
000051b7  Interrupt_disableMaster                    
00005565  Interrupt_disableSleepOnIsrExit            
000052f5  Interrupt_enableInterrupt                  
000051a7  Interrupt_enableMaster                     
00005553  Interrupt_enableSleepOnIsrExit             
000052cf  Interrupt_getPriority                      
00005247  Interrupt_getPriorityGrouping              
00005533  Interrupt_getPriorityMask                  
0000554d  Interrupt_getVectorTableAddress            
000053d9  Interrupt_isEnabled                        
00005465  Interrupt_pendInterrupt                    
000051c7  Interrupt_registerInterrupt                
0000527f  Interrupt_setPriority                      
0000522d  Interrupt_setPriorityGrouping              
00005523  Interrupt_setPriorityMask                  
0000553d  Interrupt_setVectorTableAddress            
000054d5  Interrupt_unpendInterrupt                  
00005219  Interrupt_unregisterInterrupt              
200003d6  Lcd_FlagRead                               
200003d7  Lcd_FontSolid                              
200003d8  Lcd_Orientation                            
200003d9  Lcd_PenSolid                               
200003d0  Lcd_ScreenHeigth                           
200003d2  Lcd_ScreenWidth                            
200003d4  Lcd_TouchTrim                              
000070d1  MemManage_Handler                          
000070d1  NMI_Handler                                
20000128  NVIC_IABR0                                 
20000124  NVIC_ICPR0                                 
20000120  NVIC_ISER0                                 
0000641d  OPT3001_getLux                             
000063b9  OPT3001_init                               
000063ed  OPT3001_readConfigReg                      
000063dd  OPT3001_readDeviceId                       
0000640d  OPT3001_readHighLimitReg                   
000063fd  OPT3001_readLowLimitReg                    
000063cd  OPT3001_readManufacturerId                 
200000f0  P1DIR_OFF                                  
200000e8  P1SEL0_OFF                                 
200000ec  P1SEL1_OFF                                 
000070d1  PCM_IRQHandler                             
000070d1  PORT1_IRQHandler                           
000070d1  PORT2_IRQHandler                           
000070d1  PORT3_IRQHandler                           
000070d1  PORT4_IRQHandler                           
000070d1  PORT5_IRQHandler                           
000070d1  PORT6_IRQHandler                           
000070d1  PSS_IRQHandler                             
000070d1  PendSV_Handler                             
000070d1  RTC_C_IRQHandler                           
000070c5  Reset_Handler                              
UNDEFED   SHT$$INIT_ARRAY$$Base                      
UNDEFED   SHT$$INIT_ARRAY$$Limit                     
000021fb  SPI_changeClockPhasePolarity               
00002155  SPI_changeMasterClock                      
000023ad  SPI_clearInterruptFlag                     
0000232f  SPI_disableInterrupt                       
00002289  SPI_disableModule                          
00002309  SPI_enableInterrupt                        
0000226d  SPI_enableModule                           
0000237d  SPI_getEnabledInterruptStatus              
00002355  SPI_getInterruptStatus                     
000022a5  SPI_getReceiveBufferAddressForDMA          
000022c1  SPI_getTransmitBufferAddressForDMA         
00002069  SPI_initMaster                             
0000217d  SPI_initSlave                              
000022ed  SPI_isBusy                                 
00002251  SPI_receiveData                            
000023d3  SPI_registerInterrupt                      
0000212f  SPI_selectFourPinFunctionality             
0000222b  SPI_transmitData                           
00002491  SPI_unregisterInterrupt                    
000070d1  SVC_Handler                                
0000603f  SysCtl_disableGlitchFilter                 
00005ecf  SysCtl_disableNMISource                    
00005fd7  SysCtl_disablePeripheralAtCPUHalt          
00005f19  SysCtl_disableSRAMBank                     
00005f9d  SysCtl_disableSRAMBankRetention            
00006033  SysCtl_enableGlitchFilter                  
00005ee3  SysCtl_enableNMISource                     
00005fc3  SysCtl_enablePeripheralAtCPUHalt           
00005efd  SysCtl_enableSRAMBank                      
00005f81  SysCtl_enableSRAMBankRetention             
00005ec9  SysCtl_getFlashSize                        
00005ef7  SysCtl_getNMISourceStatus                  
00005ec3  SysCtl_getSRAMSize                         
00005e4d  SysCtl_getTLVInfo                          
0000604b  SysCtl_getTempCalibrationConstant          
00005fb9  SysCtl_rebootDevice                        
0000600f  SysCtl_setWDTPasswordViolationResetType    
00005feb  SysCtl_setWDTTimeoutResetType              
000070d1  SysTick_Handler                            
20000270  SystemCoreClock                            
00005595  SystemCoreClockUpdate                      
00005809  SystemInit                                 
20000130  T32CONTROL1                                
20000134  T32INTCLR1                                 
2000012c  T32LOAD1                                   
000036eb  T32_INT1_IRQHandler                        
000036eb  T32_INT1_IRQHandler                        
000070d1  T32_INT2_IRQHandler                        
000070d1  T32_INTC_IRQHandler                        
000070d1  TA0_0_IRQHandler                           
000070d1  TA0_N_IRQHandler                           
000070d1  TA1_0_IRQHandler                           
000070d1  TA1_N_IRQHandler                           
000070d1  TA2_0_IRQHandler                           
000070d1  TA2_N_IRQHandler                           
000070d1  TA3_0_IRQHandler                           
000070d1  TA3_N_IRQHandler                           
00004dd3  TMP006_getTemp                             
00004d6d  TMP006_init                                
00004dc3  TMP006_readAmbientTemperature              
00004da3  TMP006_readDeviceId                        
00004db3  TMP006_readObjectVoltage                   
20000108  UCA0_BRW                                   
20000104  UCA0_CTLW0                                 
20000118  UCA0_IE                                    
2000011c  UCA0_IFG                                   
2000010c  UCA0_MCTLW                                 
20000114  UCA0_RXBUF                                 
20000110  UCA0_TXBUF                                 
000070d1  UsageFault_Handler                         
4000480c  WDTCTL_SYM                                 
000070d1  WDT_A_IRQHandler                           
20000278  __CIOBUF_                                  
00001567  __FlashCtl_remaskBurstDataPost             
0000144d  __FlashCtl_remaskBurstDataPre              
00001291  __FlashCtl_remaskData32Post                
00001375  __FlashCtl_remaskData32Pre                 
00001173  __FlashCtl_remaskData8Post                 
000011f3  __FlashCtl_remaskData8Pre                  
20010000  __STACK_END                                
00000200  __STACK_SIZE                               
0000787c  __TI_CINIT_Base                            
00007894  __TI_CINIT_Limit                           
00007874  __TI_Handler_Table_Base                    
0000787c  __TI_Handler_Table_Limit                   
00006d51  __TI_auto_init                             
2000022c  __TI_cleanup_ptr                           
000070a9  __TI_decompress_none                       
000070d3  __TI_decompress_rle24                      
20000230  __TI_dtors_ptr                             
20000234  __TI_enable_exit_profile_output            
ffffffff  __TI_pprof_out_hndl                        
ffffffff  __TI_prof_data_size                        
ffffffff  __TI_prof_data_start                       
00006e5f  __TI_readmsg                               
00000000  __TI_static_base__                         
00006e2d  __TI_writemsg                              
00006bc9  __aeabi_cdcmpeq                            
00006bc9  __aeabi_cdcmple                            
00006c4f  __aeabi_cdrcmple                           
0000609b  __aeabi_dadd                               
000064f5  __aeabi_ddiv                               
00006879  __aeabi_dmul                               
00006091  __aeabi_dsub                               
00007013  __aeabi_i2d                                
00006cd5  __aeabi_memclr                             
00006cd5  __aeabi_memclr4                            
00006cd5  __aeabi_memclr8                            
00006b2d  __aeabi_memcpy                             
00006b2d  __aeabi_memcpy4                            
00006b2d  __aeabi_memcpy8                            
00006cd7  __aeabi_memset                             
00006cd7  __aeabi_memset4                            
00006cd7  __aeabi_memset8                            
ffffffff  __binit__                                  
ffffffff  __c_args__                                 
00005e4b  __mpu_init                                 
2000fe00  __stack                                    
000070b7  __time32                                   
00007041  _args_main                                 
00006e95  _c_int00                                   
000073d8  _ctypes_                                   
20000258  _lock                                      
00007067  _nop                                       
0000705f  _register_lock                             
00007059  _register_unlock                           
00006247  _system_post_cinit                         
000070d9  _system_pre_init                           
2000025c  _unlock                                    
00006eed  abort                                      
20000140  air                                        
00006f3d  atoi                                       
ffffffff  binit                                      
200003bc  config                                     
000030c1  configureBaudRateTo12MHz                   
00003085  configureClockSystem                       
00006f89  copy_in                                    
0000706d  copysign                                   
0000706d  copysignl                                  
20000148  counter                                    
20000268  errno                                      
00006ef5  exit                                       
2000014c  firstTime                                  
20000138  g_Counter                                  
2000013c  g_TimerExp                                 
20000000  g_pfnRAMVectors                            
20000398  g_sContext                                 
00007628  g_sCrystalfontz128x128                     
000074dc  g_sFontFixed6x8                            
00003167  generateReports                            
000076ac  i2cConfig                                  
00000000  interruptVectors                           
20000150  j                                          
2000020c  lampAcesa                                  
200001fa  lampApagada                                
00006975  ldexp                                      
00006975  ldexpl                                     
20000144  light                                      
200003c8  lum                                        
00003559  main                                       
2000026c  main_func_sp                               
00006b2d  memcpy                                     
00006cdd  memset                                     
200001c4  msgAirOff                                  
200001e0  msgAirOn                                   
2000021c  msgArDesligado                             
20000244  msgArLigado                                
2000024e  msgLuzAcesa                                
20000238  msgLuzApagada                              
0000168d  pow                                        
0000168d  powl                                       
000030eb  removeReset                                
000030b3  resetUART                                  
000031d7  saveEvent                                  
00006975  scalbn                                     
00006975  scalbnl                                    
00006249  sqrt                                       
00006249  sqrtl                                      
000032a9  startTimer                                 
00007081  strcpy                                     
00007095  strlen                                     
200003c0  temp                                       
200003cc  tempArr                                    
000070b7  time                                       
000030f9  uart_puts                                  
00003149  waitFor                                    


GLOBAL SYMBOLS: SORTED BY Symbol Address 

address   name                                       
-------   ----                                       
00000000  __TI_static_base__                         
00000000  interruptVectors                           
00000200  __STACK_SIZE                               
0000028f  FlashCtl_getMemoryInfo                     
0000060d  FlashCtl_enableReadBuffering               
00000661  FlashCtl_disableReadBuffering              
000006c1  FlashCtl_unprotectSector                   
00000731  FlashCtl_protectSector                     
00000791  FlashCtl_isSectorProtected                 
0000081d  FlashCtl_verifyMemory                      
00000a85  FlashCtl_setReadMode                       
00000af1  FlashCtl_getReadMode                       
00000b1b  FlashCtl_initiateMassErase                 
00000b41  FlashCtl_performMassErase                  
00000c8d  FlashCtl_eraseSector                       
00000db5  FlashCtl_initiateSectorErase               
00000e55  FlashCtl_programMemory                     
00000fc1  FlashCtl_setProgramVerification            
00000ffb  FlashCtl_clearProgramVerification          
00001035  FlashCtl_enableWordProgramming             
00001065  FlashCtl_disableWordProgramming            
00001071  FlashCtl_isWordProgrammingEnabled          
0000108d  FlashCtl_setWaitState                      
000010cb  FlashCtl_getWaitState                      
000010fd  FlashCtl_enableInterrupt                   
00001111  FlashCtl_disableInterrupt                  
00001125  FlashCtl_getInterruptStatus                
0000112b  FlashCtl_getEnabledInterruptStatus         
0000113b  FlashCtl_clearInterruptFlag                
0000114f  FlashCtl_registerInterrupt                 
00001163  FlashCtl_unregisterInterrupt               
00001173  __FlashCtl_remaskData8Post                 
000011f3  __FlashCtl_remaskData8Pre                  
00001291  __FlashCtl_remaskData32Post                
00001375  __FlashCtl_remaskData32Pre                 
0000144d  __FlashCtl_remaskBurstDataPre              
00001567  __FlashCtl_remaskBurstDataPost             
0000168d  pow                                        
0000168d  powl                                       
00002069  SPI_initMaster                             
0000212f  SPI_selectFourPinFunctionality             
00002155  SPI_changeMasterClock                      
0000217d  SPI_initSlave                              
000021fb  SPI_changeClockPhasePolarity               
0000222b  SPI_transmitData                           
00002251  SPI_receiveData                            
0000226d  SPI_enableModule                           
00002289  SPI_disableModule                          
000022a5  SPI_getReceiveBufferAddressForDMA          
000022c1  SPI_getTransmitBufferAddressForDMA         
000022ed  SPI_isBusy                                 
00002309  SPI_enableInterrupt                        
0000232f  SPI_disableInterrupt                       
00002355  SPI_getInterruptStatus                     
0000237d  SPI_getEnabledInterruptStatus              
000023ad  SPI_clearInterruptFlag                     
000023d3  SPI_registerInterrupt                      
00002491  SPI_unregisterInterrupt                    
0000253d  EUSCI_B_SPI_select4PinFunctionality        
0000255d  EUSCI_B_SPI_masterChangeClock              
0000258f  EUSCI_B_SPI_slaveInit                      
000025d9  EUSCI_B_SPI_changeClockPhasePolarity       
0000261b  EUSCI_B_SPI_transmitData                   
00002631  EUSCI_B_SPI_receiveData                    
00002641  EUSCI_B_SPI_enableInterrupt                
0000265b  EUSCI_B_SPI_disableInterrupt               
00002675  EUSCI_B_SPI_getInterruptStatus             
0000268d  EUSCI_B_SPI_clearInterruptFlag             
000026a7  EUSCI_B_SPI_enable                         
000026bd  EUSCI_B_SPI_disable                        
000026d3  EUSCI_B_SPI_getReceiveBufferAddressForDMA  
000026e1  EUSCI_B_SPI_getTransmitBufferAddressForDMA 
000026ef  EUSCI_B_SPI_isBusy                         
00002707  EUSCI_A_SPI_select4PinFunctionality        
00002727  EUSCI_A_SPI_masterChangeClock              
0000275d  EUSCI_A_SPI_slaveInit                      
000027a7  EUSCI_A_SPI_changeClockPhasePolarity       
000027e9  EUSCI_A_SPI_transmitData                   
000027ff  EUSCI_A_SPI_receiveData                    
0000280f  EUSCI_A_SPI_enableInterrupt                
00002829  EUSCI_A_SPI_disableInterrupt               
00002843  EUSCI_A_SPI_getInterruptStatus             
0000285b  EUSCI_A_SPI_clearInterruptFlag             
00002875  EUSCI_A_SPI_enable                         
0000288b  EUSCI_A_SPI_disable                        
000028a1  EUSCI_A_SPI_getReceiveBufferAddressForDMA  
000028af  EUSCI_A_SPI_getTransmitBufferAddressForDMA 
000028bd  EUSCI_A_SPI_isBusy                         
000028dd  I2C_initMaster                             
0000293f  I2C_initSlave                              
00002979  I2C_enableModule                           
0000298f  I2C_disableModule                          
000029a5  I2C_setSlaveAddress                        
000029b9  I2C_setMode                                
000029d5  I2C_masterReceiveSingleByte                
00002a09  I2C_slavePutData                           
00002a1f  I2C_slaveGetData                           
00002a33  I2C_isBusBusy                              
00002a45  I2C_masterSendSingleByte                   
00002aab  I2C_masterSendSingleByteWithTimeout        
00002b37  I2C_masterSendMultiByteStart               
00002b85  I2C_masterSendMultiByteStartWithTimeout    
00002be1  I2C_masterSendMultiByteNext                
00002c0d  I2C_masterSendMultiByteNextWithTimeout     
00002c4b  I2C_masterSendMultiByteFinish              
00002c99  I2C_masterSendMultiByteFinishWithTimeout   
00002d05  I2C_masterSendMultiByteStop                
00002d2f  I2C_masterSendMultiByteStopWithTimeout     
00002d6b  I2C_masterReceiveStart                     
00002d85  I2C_masterReceiveMultiByteNext             
00002d9d  I2C_masterReceiveMultiByteFinish           
00002ddb  I2C_masterReceiveMultiByteFinishWithTimeout
00002e39  I2C_masterReceiveMultiByteStop             
00002e4d  I2C_masterReceiveSingle                    
00002e77  I2C_getReceiveBufferAddressForDMA          
00002e85  I2C_getTransmitBufferAddressForDMA         
00002e93  I2C_masterIsStopSent                       
00002ea5  I2C_masterIsStartSent                      
00002ebd  I2C_masterSendStart                        
00002ed1  I2C_enableMultiMasterMode                  
00002ef1  I2C_disableMultiMasterMode                 
00002f11  I2C_enableInterrupt                        
00002f27  I2C_disableInterrupt                       
00002f3d  I2C_clearInterruptFlag                     
00002f53  I2C_getInterruptStatus                     
00002f6b  I2C_getEnabledInterruptStatus              
00002f7b  I2C_getMode                                
00002f91  I2C_registerInterrupt                      
00002ff7  I2C_unregisterInterrupt                    
00003053  I2C_slaveSendNAK                           
00003085  configureClockSystem                       
000030b3  resetUART                                  
000030c1  configureBaudRateTo12MHz                   
000030eb  removeReset                                
000030f9  uart_puts                                  
00003149  waitFor                                    
00003167  generateReports                            
000031d7  saveEvent                                  
000032a9  startTimer                                 
00003559  main                                       
00003685  EUSCIA0_IRQHandler                         
00003685  EUSCIA0_IRQHandler                         
000036eb  T32_INT1_IRQHandler                        
000036eb  T32_INT1_IRQHandler                        
000037b5  Crystalfontz128x128_Init                   
000038c9  Crystalfontz128x128_SetDrawFrame           
000039f7  Crystalfontz128x128_SetOrientation         
00003e6d  Graphics_getStringWidth                    
00003f67  Graphics_drawString                        
000043e5  Graphics_getStringBaseline                 
000043f5  Graphics_drawStringCentered                
0000443d  Graphics_getStringHeight                   
0000444d  Graphics_getStringMaxWidth                 
0000445d  Graphics_drawLineH                         
000044f9  Graphics_drawLineV                         
00004779  Graphics_drawLine                          
000048ed  GPIO_setAsOutputPin                        
00004927  GPIO_setAsInputPin                         
0000496d  GPIO_setAsPeripheralModuleFunctionOutputPin
000049f1  GPIO_setAsPeripheralModuleFunctionInputPin 
00004a75  GPIO_setOutputHighOnPin                    
00004a97  GPIO_setOutputLowOnPin                     
00004ab9  GPIO_toggleOutputOnPin                     
00004adb  GPIO_setAsInputPinWithPullDownResistor     
00004b2d  GPIO_setAsInputPinWithPullUpResistor       
00004b7f  GPIO_getInputPinValue                      
00004bad  GPIO_enableInterrupt                       
00004bcf  GPIO_disableInterrupt                      
00004bf1  GPIO_getInterruptStatus                    
00004c0f  GPIO_clearInterruptFlag                    
00004c31  GPIO_interruptEdgeSelect                   
00004c67  GPIO_getEnabledInterruptStatus             
00004ce3  GPIO_setDriveStrengthHigh                  
00004d05  GPIO_setDriveStrengthLow                   
00004d27  GPIO_registerInterrupt                     
00004d47  GPIO_unregisterInterrupt                   
00004d6d  TMP006_init                                
00004da3  TMP006_readDeviceId                        
00004db3  TMP006_readObjectVoltage                   
00004dc3  TMP006_readAmbientTemperature              
00004dd3  TMP006_getTemp                             
000051a7  Interrupt_enableMaster                     
000051b7  Interrupt_disableMaster                    
000051c7  Interrupt_registerInterrupt                
00005219  Interrupt_unregisterInterrupt              
0000522d  Interrupt_setPriorityGrouping              
00005247  Interrupt_getPriorityGrouping              
0000527f  Interrupt_setPriority                      
000052cf  Interrupt_getPriority                      
000052f5  Interrupt_enableInterrupt                  
00005367  Interrupt_disableInterrupt                 
000053d9  Interrupt_isEnabled                        
00005465  Interrupt_pendInterrupt                    
000054d5  Interrupt_unpendInterrupt                  
00005523  Interrupt_setPriorityMask                  
00005533  Interrupt_getPriorityMask                  
0000553d  Interrupt_setVectorTableAddress            
0000554d  Interrupt_getVectorTableAddress            
00005553  Interrupt_enableSleepOnIsrExit             
00005565  Interrupt_disableSleepOnIsrExit            
00005595  SystemCoreClockUpdate                      
00005809  SystemInit                                 
000058c1  HOSTwrite                                  
0000590d  HOSTunlink                                 
00005945  HOSTtime64                                 
0000598f  HOSTtime                                   
000059c9  HOSTrename                                 
00005a27  HOSTread                                   
00005a73  HOSTopen                                   
00005ac5  HOSTlseek                                  
00005b21  HOSTgetenv                                 
00005b5f  HOSTclose                                  
00005b97  HOSTclock                                  
00005be5  Graphics_initContext                       
00005c2f  Graphics_setClipRegion                     
00005cf9  Graphics_setBackgroundColor                
00005d13  Graphics_setBackgroundColorTranslated      
00005d29  Graphics_setFont                           
00005d43  Graphics_getFontBaseline                   
00005d51  Graphics_setForegroundColor                
00005d67  Graphics_setForegroundColorTranslated      
00005d79  Graphics_getFontHeight                     
00005d87  Graphics_getFontMaxWidth                   
00005d95  Graphics_getDisplayWidth                   
00005da5  Graphics_getDisplayHeight                  
00005db5  Graphics_getHeightOfDisplay                
00005dc3  Graphics_flushBuffer                       
00005dd1  Graphics_clearDisplay                      
00005de3  Graphics_drawPixel                         
00005e3d  Graphics_getWidthOfDisplay                 
00005e4b  __mpu_init                                 
00005e4d  SysCtl_getTLVInfo                          
00005ec3  SysCtl_getSRAMSize                         
00005ec9  SysCtl_getFlashSize                        
00005ecf  SysCtl_disableNMISource                    
00005ee3  SysCtl_enableNMISource                     
00005ef7  SysCtl_getNMISourceStatus                  
00005efd  SysCtl_enableSRAMBank                      
00005f19  SysCtl_disableSRAMBank                     
00005f81  SysCtl_enableSRAMBankRetention             
00005f9d  SysCtl_disableSRAMBankRetention            
00005fb9  SysCtl_rebootDevice                        
00005fc3  SysCtl_enablePeripheralAtCPUHalt           
00005fd7  SysCtl_disablePeripheralAtCPUHalt          
00005feb  SysCtl_setWDTTimeoutResetType              
0000600f  SysCtl_setWDTPasswordViolationResetType    
00006033  SysCtl_enableGlitchFilter                  
0000603f  SysCtl_disableGlitchFilter                 
0000604b  SysCtl_getTempCalibrationConstant          
00006091  __aeabi_dsub                               
0000609b  __aeabi_dadd                               
00006247  _system_post_cinit                         
00006249  sqrt                                       
00006249  sqrtl                                      
000063b9  OPT3001_init                               
000063cd  OPT3001_readManufacturerId                 
000063dd  OPT3001_readDeviceId                       
000063ed  OPT3001_readConfigReg                      
000063fd  OPT3001_readLowLimitReg                    
0000640d  OPT3001_readHighLimitReg                   
0000641d  OPT3001_getLux                             
000064f5  __aeabi_ddiv                               
0000662b  Graphics_drawPixelOnDisplay                
00006655  Graphics_drawMultiplePixelsOnDisplay       
00006699  Graphics_drawHorizontalLineOnDisplay       
000066cd  Graphics_drawVerticalLineOnDisplay         
00006701  Graphics_fillRectangleOnDisplay            
0000671f  Graphics_translateColorOnDisplay           
00006735  Graphics_flushOnDisplay                    
00006747  Graphics_clearDisplayOnDisplay             
00006761  Init_I2C_GPIO                              
00006779  I2C_init                                   
00006791  I2C_read16                                 
00006817  I2C_write16                                
0000685b  I2C_setslave                               
00006879  __aeabi_dmul                               
00006975  ldexp                                      
00006975  ldexpl                                     
00006975  scalbn                                     
00006975  scalbnl                                    
00006a71  HAL_LCD_PortInit                           
00006aa1  HAL_LCD_SpiInit                            
00006ad7  HAL_LCD_writeCommand                       
00006aff  HAL_LCD_writeData                          
00006b2d  __aeabi_memcpy                             
00006b2d  __aeabi_memcpy4                            
00006b2d  __aeabi_memcpy8                            
00006b2d  memcpy                                     
00006bc9  __aeabi_cdcmpeq                            
00006bc9  __aeabi_cdcmple                            
00006c4f  __aeabi_cdrcmple                           
00006cd5  __aeabi_memclr                             
00006cd5  __aeabi_memclr4                            
00006cd5  __aeabi_memclr8                            
00006cd7  __aeabi_memset                             
00006cd7  __aeabi_memset4                            
00006cd7  __aeabi_memset8                            
00006cdd  memset                                     
00006d51  __TI_auto_init                             
00006e2d  __TI_writemsg                              
00006e5b  C$$IO$$                                    
00006e5f  __TI_readmsg                               
00006e95  _c_int00                                   
00006ee9  C$$EXIT                                    
00006eed  abort                                      
00006ef5  exit                                       
00006f3d  atoi                                       
00006f89  copy_in                                    
00006fd5  CPU_cpsid                                  
00006fe1  CPU_primask                                
00006feb  CPU_cpsie                                  
00006ff7  CPU_wfi                                    
00006ffb  CPU_basepriSet                             
00007009  CPU_basepriGet                             
00007013  __aeabi_i2d                                
00007041  _args_main                                 
00007059  _register_unlock                           
0000705f  _register_lock                             
00007067  _nop                                       
0000706d  copysign                                   
0000706d  copysignl                                  
00007081  strcpy                                     
00007095  strlen                                     
000070a9  __TI_decompress_none                       
000070b7  __time32                                   
000070b7  time                                       
000070c5  Reset_Handler                              
000070d1  ADC14_IRQHandler                           
000070d1  AES256_IRQHandler                          
000070d1  BusFault_Handler                           
000070d1  COMP_E0_IRQHandler                         
000070d1  COMP_E1_IRQHandler                         
000070d1  CS_IRQHandler                              
000070d1  DMA_ERR_IRQHandler                         
000070d1  DMA_INT0_IRQHandler                        
000070d1  DMA_INT1_IRQHandler                        
000070d1  DMA_INT2_IRQHandler                        
000070d1  DMA_INT3_IRQHandler                        
000070d1  DebugMon_Handler                           
000070d1  Default_Handler                            
000070d1  EUSCIA1_IRQHandler                         
000070d1  EUSCIA2_IRQHandler                         
000070d1  EUSCIA3_IRQHandler                         
000070d1  EUSCIB0_IRQHandler                         
000070d1  EUSCIB1_IRQHandler                         
000070d1  EUSCIB2_IRQHandler                         
000070d1  EUSCIB3_IRQHandler                         
000070d1  FLCTL_IRQHandler                           
000070d1  FPU_IRQHandler                             
000070d1  HardFault_Handler                          
000070d1  MemManage_Handler                          
000070d1  NMI_Handler                                
000070d1  PCM_IRQHandler                             
000070d1  PORT1_IRQHandler                           
000070d1  PORT2_IRQHandler                           
000070d1  PORT3_IRQHandler                           
000070d1  PORT4_IRQHandler                           
000070d1  PORT5_IRQHandler                           
000070d1  PORT6_IRQHandler                           
000070d1  PSS_IRQHandler                             
000070d1  PendSV_Handler                             
000070d1  RTC_C_IRQHandler                           
000070d1  SVC_Handler                                
000070d1  SysTick_Handler                            
000070d1  T32_INT2_IRQHandler                        
000070d1  T32_INTC_IRQHandler                        
000070d1  TA0_0_IRQHandler                           
000070d1  TA0_N_IRQHandler                           
000070d1  TA1_0_IRQHandler                           
000070d1  TA1_N_IRQHandler                           
000070d1  TA2_0_IRQHandler                           
000070d1  TA2_N_IRQHandler                           
000070d1  TA3_0_IRQHandler                           
000070d1  TA3_N_IRQHandler                           
000070d1  UsageFault_Handler                         
000070d1  WDT_A_IRQHandler                           
000070d3  __TI_decompress_rle24                      
000070d9  _system_pre_init                           
000073d8  _ctypes_                                   
000074dc  g_sFontFixed6x8                            
00007628  g_sCrystalfontz128x128                     
000076ac  i2cConfig                                  
00007874  __TI_Handler_Table_Base                    
0000787c  __TI_CINIT_Base                            
0000787c  __TI_Handler_Table_Limit                   
00007894  __TI_CINIT_Limit                           
20000000  g_pfnRAMVectors                            
200000e8  P1SEL0_OFF                                 
200000ec  P1SEL1_OFF                                 
200000f0  P1DIR_OFF                                  
200000f4  CSKEY                                      
200000f8  CSCTL0                                     
200000fc  CSCTL1                                     
20000100  DCORSEL_12MHZ                              
20000104  UCA0_CTLW0                                 
20000108  UCA0_BRW                                   
2000010c  UCA0_MCTLW                                 
20000110  UCA0_TXBUF                                 
20000114  UCA0_RXBUF                                 
20000118  UCA0_IE                                    
2000011c  UCA0_IFG                                   
20000120  NVIC_ISER0                                 
20000124  NVIC_ICPR0                                 
20000128  NVIC_IABR0                                 
2000012c  T32LOAD1                                   
20000130  T32CONTROL1                                
20000134  T32INTCLR1                                 
20000138  g_Counter                                  
2000013c  g_TimerExp                                 
20000140  air                                        
20000144  light                                      
20000148  counter                                    
2000014c  firstTime                                  
20000150  j                                          
200001c4  msgAirOff                                  
200001e0  msgAirOn                                   
200001fa  lampApagada                                
2000020c  lampAcesa                                  
2000021c  msgArDesligado                             
2000022c  __TI_cleanup_ptr                           
20000230  __TI_dtors_ptr                             
20000234  __TI_enable_exit_profile_output            
20000238  msgLuzApagada                              
20000244  msgArLigado                                
2000024e  msgLuzAcesa                                
20000258  _lock                                      
2000025c  _unlock                                    
20000268  errno                                      
2000026c  main_func_sp                               
20000270  SystemCoreClock                            
20000278  __CIOBUF_                                  
20000398  g_sContext                                 
200003bc  config                                     
200003c0  temp                                       
200003c8  lum                                        
200003cc  tempArr                                    
200003d0  Lcd_ScreenHeigth                           
200003d2  Lcd_ScreenWidth                            
200003d4  Lcd_TouchTrim                              
200003d6  Lcd_FlagRead                               
200003d7  Lcd_FontSolid                              
200003d8  Lcd_Orientation                            
200003d9  Lcd_PenSolid                               
2000fe00  __stack                                    
20010000  __STACK_END                                
4000480c  WDTCTL_SYM                                 
ffffffff  __TI_pprof_out_hndl                        
ffffffff  __TI_prof_data_size                        
ffffffff  __TI_prof_data_start                       
ffffffff  __binit__                                  
ffffffff  __c_args__                                 
ffffffff  binit                                      
UNDEFED   SHT$$INIT_ARRAY$$Base                      
UNDEFED   SHT$$INIT_ARRAY$$Limit                     

[454 symbols]
