<?xml version="1.0"?>
<link_info>
   <banner>TI ARM Linker PC v15.12.3.LTS</banner>
   <copyright>Copyright (c) 1996-2015 Texas Instruments Incorporated</copyright>
   <link_time>0x5a32b08d</link_time>
   <link_errors>0x0</link_errors>
   <output_file>EnvMonitor.out</output_file>
   <entry_point>
      <name>_c_int00</name>
      <address>0x6e95</address>
   </entry_point>
   <input_file_list>
      <input_file id="fl-2">
         <path>.\</path>
         <kind>object</kind>
         <file>HAL_I2C.obj</file>
         <name>HAL_I2C.obj</name>
      </input_file>
      <input_file id="fl-3">
         <path>.\</path>
         <kind>object</kind>
         <file>HAL_OPT3001.obj</file>
         <name>HAL_OPT3001.obj</name>
      </input_file>
      <input_file id="fl-4">
         <path>.\</path>
         <kind>object</kind>
         <file>HAL_TMP006.obj</file>
         <name>HAL_TMP006.obj</name>
      </input_file>
      <input_file id="fl-5">
         <path>.\</path>
         <kind>object</kind>
         <file>main.obj</file>
         <name>main.obj</name>
      </input_file>
      <input_file id="fl-6">
         <path>.\</path>
         <kind>object</kind>
         <file>startup_msp432p401r_ccs.obj</file>
         <name>startup_msp432p401r_ccs.obj</name>
      </input_file>
      <input_file id="fl-7">
         <path>.\</path>
         <kind>object</kind>
         <file>system_msp432p401r.obj</file>
         <name>system_msp432p401r.obj</name>
      </input_file>
      <input_file id="fl-8">
         <path>.\GrLib\fonts\</path>
         <kind>object</kind>
         <file>fontfixed6x8.obj</file>
         <name>fontfixed6x8.obj</name>
      </input_file>
      <input_file id="fl-9">
         <path>.\GrLib\grlib\</path>
         <kind>object</kind>
         <file>button.obj</file>
         <name>button.obj</name>
      </input_file>
      <input_file id="fl-a">
         <path>.\GrLib\grlib\</path>
         <kind>object</kind>
         <file>checkbox.obj</file>
         <name>checkbox.obj</name>
      </input_file>
      <input_file id="fl-b">
         <path>.\GrLib\grlib\</path>
         <kind>object</kind>
         <file>circle.obj</file>
         <name>circle.obj</name>
      </input_file>
      <input_file id="fl-c">
         <path>.\GrLib\grlib\</path>
         <kind>object</kind>
         <file>context.obj</file>
         <name>context.obj</name>
      </input_file>
      <input_file id="fl-d">
         <path>.\GrLib\grlib\</path>
         <kind>object</kind>
         <file>display.obj</file>
         <name>display.obj</name>
      </input_file>
      <input_file id="fl-e">
         <path>.\GrLib\grlib\</path>
         <kind>object</kind>
         <file>image.obj</file>
         <name>image.obj</name>
      </input_file>
      <input_file id="fl-f">
         <path>.\GrLib\grlib\</path>
         <kind>object</kind>
         <file>imageButton.obj</file>
         <name>imageButton.obj</name>
      </input_file>
      <input_file id="fl-10">
         <path>.\GrLib\grlib\</path>
         <kind>object</kind>
         <file>line.obj</file>
         <name>line.obj</name>
      </input_file>
      <input_file id="fl-11">
         <path>.\GrLib\grlib\</path>
         <kind>object</kind>
         <file>radioButton.obj</file>
         <name>radioButton.obj</name>
      </input_file>
      <input_file id="fl-12">
         <path>.\GrLib\grlib\</path>
         <kind>object</kind>
         <file>rectangle.obj</file>
         <name>rectangle.obj</name>
      </input_file>
      <input_file id="fl-13">
         <path>.\GrLib\grlib\</path>
         <kind>object</kind>
         <file>string.obj</file>
         <name>string.obj</name>
      </input_file>
      <input_file id="fl-14">
         <path>.\LcdDriver\</path>
         <kind>object</kind>
         <file>Crystalfontz128x128_ST7735.obj</file>
         <name>Crystalfontz128x128_ST7735.obj</name>
      </input_file>
      <input_file id="fl-15">
         <path>.\LcdDriver\</path>
         <kind>object</kind>
         <file>HAL_MSP_EXP432P401R_Crystalfontz128x128_ST7735.obj</file>
         <name>HAL_MSP_EXP432P401R_Crystalfontz128x128_ST7735.obj</name>
      </input_file>
      <input_file id="fl-16">
         <path>.\driverlib\MSP432P4xx\</path>
         <kind>object</kind>
         <file>adc14.obj</file>
         <name>adc14.obj</name>
      </input_file>
      <input_file id="fl-17">
         <path>.\driverlib\MSP432P4xx\</path>
         <kind>object</kind>
         <file>aes256.obj</file>
         <name>aes256.obj</name>
      </input_file>
      <input_file id="fl-18">
         <path>.\driverlib\MSP432P4xx\</path>
         <kind>object</kind>
         <file>comp_e.obj</file>
         <name>comp_e.obj</name>
      </input_file>
      <input_file id="fl-19">
         <path>.\driverlib\MSP432P4xx\</path>
         <kind>object</kind>
         <file>cpu.obj</file>
         <name>cpu.obj</name>
      </input_file>
      <input_file id="fl-1a">
         <path>.\driverlib\MSP432P4xx\</path>
         <kind>object</kind>
         <file>crc32.obj</file>
         <name>crc32.obj</name>
      </input_file>
      <input_file id="fl-1b">
         <path>.\driverlib\MSP432P4xx\</path>
         <kind>object</kind>
         <file>cs.obj</file>
         <name>cs.obj</name>
      </input_file>
      <input_file id="fl-1c">
         <path>.\driverlib\MSP432P4xx\</path>
         <kind>object</kind>
         <file>dma.obj</file>
         <name>dma.obj</name>
      </input_file>
      <input_file id="fl-1d">
         <path>.\driverlib\MSP432P4xx\</path>
         <kind>object</kind>
         <file>flash.obj</file>
         <name>flash.obj</name>
      </input_file>
      <input_file id="fl-1e">
         <path>.\driverlib\MSP432P4xx\</path>
         <kind>object</kind>
         <file>fpu.obj</file>
         <name>fpu.obj</name>
      </input_file>
      <input_file id="fl-1f">
         <path>.\driverlib\MSP432P4xx\</path>
         <kind>object</kind>
         <file>gpio.obj</file>
         <name>gpio.obj</name>
      </input_file>
      <input_file id="fl-20">
         <path>.\driverlib\MSP432P4xx\</path>
         <kind>object</kind>
         <file>i2c.obj</file>
         <name>i2c.obj</name>
      </input_file>
      <input_file id="fl-21">
         <path>.\driverlib\MSP432P4xx\</path>
         <kind>object</kind>
         <file>interrupt.obj</file>
         <name>interrupt.obj</name>
      </input_file>
      <input_file id="fl-22">
         <path>.\driverlib\MSP432P4xx\</path>
         <kind>object</kind>
         <file>mpu.obj</file>
         <name>mpu.obj</name>
      </input_file>
      <input_file id="fl-23">
         <path>.\driverlib\MSP432P4xx\</path>
         <kind>object</kind>
         <file>pcm.obj</file>
         <name>pcm.obj</name>
      </input_file>
      <input_file id="fl-24">
         <path>.\driverlib\MSP432P4xx\</path>
         <kind>object</kind>
         <file>pmap.obj</file>
         <name>pmap.obj</name>
      </input_file>
      <input_file id="fl-25">
         <path>.\driverlib\MSP432P4xx\</path>
         <kind>object</kind>
         <file>pss.obj</file>
         <name>pss.obj</name>
      </input_file>
      <input_file id="fl-26">
         <path>.\driverlib\MSP432P4xx\</path>
         <kind>object</kind>
         <file>ref_a.obj</file>
         <name>ref_a.obj</name>
      </input_file>
      <input_file id="fl-27">
         <path>.\driverlib\MSP432P4xx\</path>
         <kind>object</kind>
         <file>reset.obj</file>
         <name>reset.obj</name>
      </input_file>
      <input_file id="fl-28">
         <path>.\driverlib\MSP432P4xx\</path>
         <kind>object</kind>
         <file>rtc_c.obj</file>
         <name>rtc_c.obj</name>
      </input_file>
      <input_file id="fl-29">
         <path>.\driverlib\MSP432P4xx\</path>
         <kind>object</kind>
         <file>spi.obj</file>
         <name>spi.obj</name>
      </input_file>
      <input_file id="fl-2a">
         <path>.\driverlib\MSP432P4xx\</path>
         <kind>object</kind>
         <file>sysctl.obj</file>
         <name>sysctl.obj</name>
      </input_file>
      <input_file id="fl-2b">
         <path>.\driverlib\MSP432P4xx\</path>
         <kind>object</kind>
         <file>systick.obj</file>
         <name>systick.obj</name>
      </input_file>
      <input_file id="fl-2c">
         <path>.\driverlib\MSP432P4xx\</path>
         <kind>object</kind>
         <file>timer32.obj</file>
         <name>timer32.obj</name>
      </input_file>
      <input_file id="fl-2d">
         <path>.\driverlib\MSP432P4xx\</path>
         <kind>object</kind>
         <file>timer_a.obj</file>
         <name>timer_a.obj</name>
      </input_file>
      <input_file id="fl-2e">
         <path>.\driverlib\MSP432P4xx\</path>
         <kind>object</kind>
         <file>uart.obj</file>
         <name>uart.obj</name>
      </input_file>
      <input_file id="fl-2f">
         <path>.\driverlib\MSP432P4xx\</path>
         <kind>object</kind>
         <file>wdt_a.obj</file>
         <name>wdt_a.obj</name>
      </input_file>
      <input_file id="fl-e9">
         <path>C:\ti\ccsv6\tools\compiler\arm_15.12.3.LTS\lib\</path>
         <kind>archive</kind>
         <file>rtsv7M4_T_le_v4SPD16_eabi.lib</file>
         <name>atoi.obj</name>
      </input_file>
      <input_file id="fl-ea">
         <path>C:\ti\ccsv6\tools\compiler\arm_15.12.3.LTS\lib\</path>
         <kind>archive</kind>
         <file>rtsv7M4_T_le_v4SPD16_eabi.lib</file>
         <name>boot.obj</name>
      </input_file>
      <input_file id="fl-eb">
         <path>C:\ti\ccsv6\tools\compiler\arm_15.12.3.LTS\lib\</path>
         <kind>archive</kind>
         <file>rtsv7M4_T_le_v4SPD16_eabi.lib</file>
         <name>copy_decompress_none.obj</name>
      </input_file>
      <input_file id="fl-ec">
         <path>C:\ti\ccsv6\tools\compiler\arm_15.12.3.LTS\lib\</path>
         <kind>archive</kind>
         <file>rtsv7M4_T_le_v4SPD16_eabi.lib</file>
         <name>copy_decompress_rle.obj</name>
      </input_file>
      <input_file id="fl-ed">
         <path>C:\ti\ccsv6\tools\compiler\arm_15.12.3.LTS\lib\</path>
         <kind>archive</kind>
         <file>rtsv7M4_T_le_v4SPD16_eabi.lib</file>
         <name>copy_zero_init.obj</name>
      </input_file>
      <input_file id="fl-ee">
         <path>C:\ti\ccsv6\tools\compiler\arm_15.12.3.LTS\lib\</path>
         <kind>archive</kind>
         <file>rtsv7M4_T_le_v4SPD16_eabi.lib</file>
         <name>ctype.obj</name>
      </input_file>
      <input_file id="fl-ef">
         <path>C:\ti\ccsv6\tools\compiler\arm_15.12.3.LTS\lib\</path>
         <kind>archive</kind>
         <file>rtsv7M4_T_le_v4SPD16_eabi.lib</file>
         <name>e_pow.obj</name>
      </input_file>
      <input_file id="fl-f0">
         <path>C:\ti\ccsv6\tools\compiler\arm_15.12.3.LTS\lib\</path>
         <kind>archive</kind>
         <file>rtsv7M4_T_le_v4SPD16_eabi.lib</file>
         <name>e_sqrt.obj</name>
      </input_file>
      <input_file id="fl-f1">
         <path>C:\ti\ccsv6\tools\compiler\arm_15.12.3.LTS\lib\</path>
         <kind>archive</kind>
         <file>rtsv7M4_T_le_v4SPD16_eabi.lib</file>
         <name>errno.obj</name>
      </input_file>
      <input_file id="fl-f2">
         <path>C:\ti\ccsv6\tools\compiler\arm_15.12.3.LTS\lib\</path>
         <kind>archive</kind>
         <file>rtsv7M4_T_le_v4SPD16_eabi.lib</file>
         <name>exit.obj</name>
      </input_file>
      <input_file id="fl-f3">
         <path>C:\ti\ccsv6\tools\compiler\arm_15.12.3.LTS\lib\</path>
         <kind>archive</kind>
         <file>rtsv7M4_T_le_v4SPD16_eabi.lib</file>
         <name>fd_add_t2.obj</name>
      </input_file>
      <input_file id="fl-f4">
         <path>C:\ti\ccsv6\tools\compiler\arm_15.12.3.LTS\lib\</path>
         <kind>archive</kind>
         <file>rtsv7M4_T_le_v4SPD16_eabi.lib</file>
         <name>fd_cmp_t2.obj</name>
      </input_file>
      <input_file id="fl-f5">
         <path>C:\ti\ccsv6\tools\compiler\arm_15.12.3.LTS\lib\</path>
         <kind>archive</kind>
         <file>rtsv7M4_T_le_v4SPD16_eabi.lib</file>
         <name>fd_div_t2.obj</name>
      </input_file>
      <input_file id="fl-f6">
         <path>C:\ti\ccsv6\tools\compiler\arm_15.12.3.LTS\lib\</path>
         <kind>archive</kind>
         <file>rtsv7M4_T_le_v4SPD16_eabi.lib</file>
         <name>fd_mul_t2.obj</name>
      </input_file>
      <input_file id="fl-f7">
         <path>C:\ti\ccsv6\tools\compiler\arm_15.12.3.LTS\lib\</path>
         <kind>archive</kind>
         <file>rtsv7M4_T_le_v4SPD16_eabi.lib</file>
         <name>i_tofd_t2.obj</name>
      </input_file>
      <input_file id="fl-f8">
         <path>C:\ti\ccsv6\tools\compiler\arm_15.12.3.LTS\lib\</path>
         <kind>archive</kind>
         <file>rtsv7M4_T_le_v4SPD16_eabi.lib</file>
         <name>memcpy_t2.obj</name>
      </input_file>
      <input_file id="fl-f9">
         <path>C:\ti\ccsv6\tools\compiler\arm_15.12.3.LTS\lib\</path>
         <kind>archive</kind>
         <file>rtsv7M4_T_le_v4SPD16_eabi.lib</file>
         <name>memset_t2.obj</name>
      </input_file>
      <input_file id="fl-fa">
         <path>C:\ti\ccsv6\tools\compiler\arm_15.12.3.LTS\lib\</path>
         <kind>archive</kind>
         <file>rtsv7M4_T_le_v4SPD16_eabi.lib</file>
         <name>mpu_init.obj</name>
      </input_file>
      <input_file id="fl-fb">
         <path>C:\ti\ccsv6\tools\compiler\arm_15.12.3.LTS\lib\</path>
         <kind>archive</kind>
         <file>rtsv7M4_T_le_v4SPD16_eabi.lib</file>
         <name>pre_init.obj</name>
      </input_file>
      <input_file id="fl-fc">
         <path>C:\ti\ccsv6\tools\compiler\arm_15.12.3.LTS\lib\</path>
         <kind>archive</kind>
         <file>rtsv7M4_T_le_v4SPD16_eabi.lib</file>
         <name>s_scalbn.obj</name>
      </input_file>
      <input_file id="fl-fd">
         <path>C:\ti\ccsv6\tools\compiler\arm_15.12.3.LTS\lib\</path>
         <kind>archive</kind>
         <file>rtsv7M4_T_le_v4SPD16_eabi.lib</file>
         <name>stkdepth_vars.obj</name>
      </input_file>
      <input_file id="fl-fe">
         <path>C:\ti\ccsv6\tools\compiler\arm_15.12.3.LTS\lib\</path>
         <kind>archive</kind>
         <file>rtsv7M4_T_le_v4SPD16_eabi.lib</file>
         <name>strlen.obj</name>
      </input_file>
      <input_file id="fl-ff">
         <path>C:\ti\ccsv6\tools\compiler\arm_15.12.3.LTS\lib\</path>
         <kind>archive</kind>
         <file>rtsv7M4_T_le_v4SPD16_eabi.lib</file>
         <name>time.obj</name>
      </input_file>
      <input_file id="fl-100">
         <path>C:\ti\ccsv6\tools\compiler\arm_15.12.3.LTS\lib\</path>
         <kind>archive</kind>
         <file>rtsv7M4_T_le_v4SPD16_eabi.lib</file>
         <name>trgdrv.obj</name>
      </input_file>
      <input_file id="fl-101">
         <path>C:\ti\ccsv6\tools\compiler\arm_15.12.3.LTS\lib\</path>
         <kind>archive</kind>
         <file>rtsv7M4_T_le_v4SPD16_eabi.lib</file>
         <name>trgmsg.obj</name>
      </input_file>
      <input_file id="fl-102">
         <path>C:\ti\ccsv6\tools\compiler\arm_15.12.3.LTS\lib\</path>
         <kind>archive</kind>
         <file>rtsv7M4_T_le_v4SPD16_eabi.lib</file>
         <name>_lock.obj</name>
      </input_file>
      <input_file id="fl-103">
         <path>C:\ti\ccsv6\tools\compiler\arm_15.12.3.LTS\lib\</path>
         <kind>archive</kind>
         <file>rtsv7M4_T_le_v4SPD16_eabi.lib</file>
         <name>args_main.obj</name>
      </input_file>
      <input_file id="fl-104">
         <path>C:\ti\ccsv6\tools\compiler\arm_15.12.3.LTS\lib\</path>
         <kind>archive</kind>
         <file>rtsv7M4_T_le_v4SPD16_eabi.lib</file>
         <name>autoinit.obj</name>
      </input_file>
      <input_file id="fl-105">
         <path>C:\ti\ccsv6\tools\compiler\arm_15.12.3.LTS\lib\</path>
         <kind>archive</kind>
         <file>rtsv7M4_T_le_v4SPD16_eabi.lib</file>
         <name>cpy_tbl.obj</name>
      </input_file>
      <input_file id="fl-106">
         <path>C:\ti\ccsv6\tools\compiler\arm_15.12.3.LTS\lib\</path>
         <kind>archive</kind>
         <file>rtsv7M4_T_le_v4SPD16_eabi.lib</file>
         <name>s_copysign.obj</name>
      </input_file>
      <input_file id="fl-107">
         <path>C:\ti\ccsv6\tools\compiler\arm_15.12.3.LTS\lib\</path>
         <kind>archive</kind>
         <file>rtsv7M4_T_le_v4SPD16_eabi.lib</file>
         <name>startup.obj</name>
      </input_file>
      <input_file id="fl-108">
         <path>C:\ti\ccsv6\tools\compiler\arm_15.12.3.LTS\lib\</path>
         <kind>archive</kind>
         <file>rtsv7M4_T_le_v4SPD16_eabi.lib</file>
         <name>strcpy.obj</name>
      </input_file>
   </input_file_list>
   <object_component_list>
      <object_component id="oc-2c">
         <name>.intvecs:retain</name>
         <load_address>0x0</load_address>
         <run_address>0x0</run_address>
         <size>0xe4</size>
         <input_file_ref idref="fl-6"/>
      </object_component>
      <object_component id="oc-c8">
         <name>.text</name>
         <load_address>0xe4</load_address>
         <run_address>0xe4</run_address>
         <size>0x15a8</size>
         <input_file_ref idref="fl-1d"/>
      </object_component>
      <object_component id="oc-1c9">
         <name>.text</name>
         <load_address>0x168c</load_address>
         <run_address>0x168c</run_address>
         <size>0x9ac</size>
         <input_file_ref idref="fl-ef"/>
      </object_component>
      <object_component id="oc-2b0">
         <name>.text</name>
         <load_address>0x2038</load_address>
         <run_address>0x2038</run_address>
         <size>0x8a4</size>
         <input_file_ref idref="fl-29"/>
      </object_component>
      <object_component id="oc-126">
         <name>.text</name>
         <load_address>0x28dc</load_address>
         <run_address>0x28dc</run_address>
         <size>0x7a8</size>
         <input_file_ref idref="fl-20"/>
      </object_component>
      <object_component id="oc-7d">
         <name>.text</name>
         <load_address>0x3084</load_address>
         <run_address>0x3084</run_address>
         <size>0x730</size>
         <input_file_ref idref="fl-5"/>
      </object_component>
      <object_component id="oc-11a">
         <name>.text</name>
         <load_address>0x37b4</load_address>
         <run_address>0x37b4</run_address>
         <size>0x678</size>
         <input_file_ref idref="fl-14"/>
      </object_component>
      <object_component id="oc-d4">
         <name>.text</name>
         <load_address>0x3e2c</load_address>
         <run_address>0x3e2c</run_address>
         <size>0x630</size>
         <input_file_ref idref="fl-13"/>
      </object_component>
      <object_component id="oc-19e">
         <name>.text</name>
         <load_address>0x445c</load_address>
         <run_address>0x445c</run_address>
         <size>0x490</size>
         <input_file_ref idref="fl-10"/>
      </object_component>
      <object_component id="oc-f9">
         <name>.text</name>
         <load_address>0x48ec</load_address>
         <run_address>0x48ec</run_address>
         <size>0x480</size>
         <input_file_ref idref="fl-1f"/>
      </object_component>
      <object_component id="oc-e9">
         <name>.text</name>
         <load_address>0x4d6c</load_address>
         <run_address>0x4d6c</run_address>
         <size>0x438</size>
         <input_file_ref idref="fl-4"/>
      </object_component>
      <object_component id="oc-191">
         <name>.text</name>
         <load_address>0x51a4</load_address>
         <run_address>0x51a4</run_address>
         <size>0x3f0</size>
         <input_file_ref idref="fl-21"/>
      </object_component>
      <object_component id="oc-bb">
         <name>.text</name>
         <load_address>0x5594</load_address>
         <run_address>0x5594</run_address>
         <size>0x32c</size>
         <input_file_ref idref="fl-7"/>
      </object_component>
      <object_component id="oc-175">
         <name>.text</name>
         <load_address>0x58c0</load_address>
         <run_address>0x58c0</run_address>
         <size>0x324</size>
         <input_file_ref idref="fl-100"/>
      </object_component>
      <object_component id="oc-120">
         <name>.text</name>
         <load_address>0x5be4</load_address>
         <run_address>0x5be4</run_address>
         <size>0x266</size>
         <input_file_ref idref="fl-c"/>
      </object_component>
      <object_component id="oc-55">
         <name>.text</name>
         <load_address>0x5e4a</load_address>
         <run_address>0x5e4a</run_address>
         <size>0x2</size>
         <input_file_ref idref="fl-fa"/>
      </object_component>
      <object_component id="oc-182">
         <name>.text</name>
         <load_address>0x5e4c</load_address>
         <run_address>0x5e4c</run_address>
         <size>0x244</size>
         <input_file_ref idref="fl-2a"/>
      </object_component>
      <object_component id="oc-1c4">
         <name>.text</name>
         <load_address>0x6090</load_address>
         <run_address>0x6090</run_address>
         <size>0x1b6</size>
         <input_file_ref idref="fl-f3"/>
      </object_component>
      <object_component id="oc-a6">
         <name>.text</name>
         <load_address>0x6246</load_address>
         <run_address>0x6246</run_address>
         <size>0x2</size>
         <input_file_ref idref="fl-107"/>
      </object_component>
      <object_component id="oc-28b">
         <name>.text</name>
         <load_address>0x6248</load_address>
         <run_address>0x6248</run_address>
         <size>0x170</size>
         <input_file_ref idref="fl-f0"/>
      </object_component>
      <object_component id="oc-e3">
         <name>.text</name>
         <load_address>0x63b8</load_address>
         <run_address>0x63b8</run_address>
         <size>0x13c</size>
         <input_file_ref idref="fl-3"/>
      </object_component>
      <object_component id="oc-1cf">
         <name>.text</name>
         <load_address>0x64f4</load_address>
         <run_address>0x64f4</run_address>
         <size>0x136</size>
         <input_file_ref idref="fl-f5"/>
      </object_component>
      <object_component id="oc-1a4">
         <name>.text</name>
         <load_address>0x662a</load_address>
         <run_address>0x662a</run_address>
         <size>0x134</size>
         <input_file_ref idref="fl-d"/>
      </object_component>
      <object_component id="oc-1b8">
         <name>.text</name>
         <load_address>0x6760</load_address>
         <run_address>0x6760</run_address>
         <size>0x118</size>
         <input_file_ref idref="fl-2"/>
      </object_component>
      <object_component id="oc-1bf">
         <name>.text</name>
         <load_address>0x6878</load_address>
         <run_address>0x6878</run_address>
         <size>0xfc</size>
         <input_file_ref idref="fl-f6"/>
      </object_component>
      <object_component id="oc-297">
         <name>.text</name>
         <load_address>0x6974</load_address>
         <run_address>0x6974</run_address>
         <size>0xfc</size>
         <input_file_ref idref="fl-fc"/>
      </object_component>
      <object_component id="oc-204">
         <name>.text</name>
         <load_address>0x6a70</load_address>
         <run_address>0x6a70</run_address>
         <size>0xbc</size>
         <input_file_ref idref="fl-15"/>
      </object_component>
      <object_component id="oc-30">
         <name>.text</name>
         <load_address>0x6b2c</load_address>
         <run_address>0x6b2c</run_address>
         <size>0x9c</size>
         <input_file_ref idref="fl-f8"/>
      </object_component>
      <object_component id="oc-ff">
         <name>.text:__aeabi_cdcmple</name>
         <load_address>0x6bc8</load_address>
         <run_address>0x6bc8</run_address>
         <size>0x86</size>
         <input_file_ref idref="fl-f4"/>
      </object_component>
      <object_component id="oc-f4">
         <name>.text:__aeabi_cdrcmple</name>
         <load_address>0x6c4e</load_address>
         <run_address>0x6c4e</run_address>
         <size>0x86</size>
         <input_file_ref idref="fl-f4"/>
      </object_component>
      <object_component id="oc-49">
         <name>.text</name>
         <load_address>0x6cd4</load_address>
         <run_address>0x6cd4</run_address>
         <size>0x7a</size>
         <input_file_ref idref="fl-f9"/>
      </object_component>
      <object_component id="oc-61">
         <name>.text</name>
         <load_address>0x6d50</load_address>
         <run_address>0x6d50</run_address>
         <size>0x70</size>
         <input_file_ref idref="fl-104"/>
      </object_component>
      <object_component id="oc-3c">
         <name>.text</name>
         <load_address>0x6dc0</load_address>
         <run_address>0x6dc0</run_address>
         <size>0x6a</size>
         <input_file_ref idref="fl-ec"/>
      </object_component>
      <object_component id="oc-235">
         <name>.text</name>
         <load_address>0x6e2c</load_address>
         <run_address>0x6e2c</run_address>
         <size>0x68</size>
         <input_file_ref idref="fl-101"/>
      </object_component>
      <object_component id="oc-26">
         <name>.text</name>
         <load_address>0x6e94</load_address>
         <run_address>0x6e94</run_address>
         <size>0x54</size>
         <input_file_ref idref="fl-ea"/>
      </object_component>
      <object_component id="oc-6d">
         <name>.text</name>
         <load_address>0x6ee8</load_address>
         <run_address>0x6ee8</run_address>
         <size>0x54</size>
         <input_file_ref idref="fl-f2"/>
      </object_component>
      <object_component id="oc-dd">
         <name>.text</name>
         <load_address>0x6f3c</load_address>
         <run_address>0x6f3c</run_address>
         <size>0x4c</size>
         <input_file_ref idref="fl-e9"/>
      </object_component>
      <object_component id="oc-a0">
         <name>.text</name>
         <load_address>0x6f88</load_address>
         <run_address>0x6f88</run_address>
         <size>0x4c</size>
         <input_file_ref idref="fl-105"/>
      </object_component>
      <object_component id="oc-18b">
         <name>.text</name>
         <load_address>0x6fd4</load_address>
         <run_address>0x6fd4</run_address>
         <size>0x3e</size>
         <input_file_ref idref="fl-19"/>
      </object_component>
      <object_component id="oc-ef">
         <name>.text</name>
         <load_address>0x7012</load_address>
         <run_address>0x7012</run_address>
         <size>0x2e</size>
         <input_file_ref idref="fl-f7"/>
      </object_component>
      <object_component id="oc-67">
         <name>.text</name>
         <load_address>0x7040</load_address>
         <run_address>0x7040</run_address>
         <size>0x18</size>
         <input_file_ref idref="fl-103"/>
      </object_component>
      <object_component id="oc-165">
         <name>.text</name>
         <load_address>0x7058</load_address>
         <run_address>0x7058</run_address>
         <size>0x14</size>
         <input_file_ref idref="fl-102"/>
      </object_component>
      <object_component id="oc-302">
         <name>.text</name>
         <load_address>0x706c</load_address>
         <run_address>0x706c</run_address>
         <size>0x14</size>
         <input_file_ref idref="fl-106"/>
      </object_component>
      <object_component id="oc-23b">
         <name>.text</name>
         <load_address>0x7080</load_address>
         <run_address>0x7080</run_address>
         <size>0x14</size>
         <input_file_ref idref="fl-108"/>
      </object_component>
      <object_component id="oc-ce">
         <name>.text</name>
         <load_address>0x7094</load_address>
         <run_address>0x7094</run_address>
         <size>0x14</size>
         <input_file_ref idref="fl-fe"/>
      </object_component>
      <object_component id="oc-14">
         <name>.text:decompress:none</name>
         <load_address>0x70a8</load_address>
         <run_address>0x70a8</run_address>
         <size>0xe</size>
         <input_file_ref idref="fl-eb"/>
      </object_component>
      <object_component id="oc-c2">
         <name>.text</name>
         <load_address>0x70b6</load_address>
         <run_address>0x70b6</run_address>
         <size>0xe</size>
         <input_file_ref idref="fl-ff"/>
      </object_component>
      <object_component id="oc-77">
         <name>.text</name>
         <load_address>0x70c4</load_address>
         <run_address>0x70c4</run_address>
         <size>0xe</size>
         <input_file_ref idref="fl-6"/>
      </object_component>
      <object_component id="oc-1a">
         <name>.text:decompress:rle24</name>
         <load_address>0x70d2</load_address>
         <run_address>0x70d2</run_address>
         <size>0x6</size>
         <input_file_ref idref="fl-ec"/>
      </object_component>
      <object_component id="oc-5b">
         <name>.text</name>
         <load_address>0x70d8</load_address>
         <run_address>0x70d8</run_address>
         <size>0x4</size>
         <input_file_ref idref="fl-fb"/>
      </object_component>
      <object_component id="oc-223">
         <name>.const:.string:g_pucFontFixed6x8Data</name>
         <load_address>0x70e0</load_address>
         <run_address>0x70e0</run_address>
         <size>0x2f8</size>
         <input_file_ref idref="fl-8"/>
      </object_component>
      <object_component id="oc-1b3">
         <name>.const:.string:_ctypes_</name>
         <load_address>0x73d8</load_address>
         <run_address>0x73d8</run_address>
         <size>0x101</size>
         <input_file_ref idref="fl-ee"/>
      </object_component>
      <object_component id="oc-138">
         <name>.const:g_sFontFixed6x8</name>
         <load_address>0x74dc</load_address>
         <run_address>0x74dc</run_address>
         <size>0xc8</size>
         <input_file_ref idref="fl-8"/>
      </object_component>
      <object_component id="oc-25d">
         <name>.const:g_pulRegs</name>
         <load_address>0x75a4</load_address>
         <run_address>0x75a4</run_address>
         <size>0x50</size>
         <input_file_ref idref="fl-21"/>
      </object_component>
      <object_component id="oc-294">
         <name>.const:$O1$$</name>
         <load_address>0x75f8</load_address>
         <run_address>0x75f8</run_address>
         <size>0x30</size>
         <input_file_ref idref="fl-ef"/>
      </object_component>
      <object_component id="oc-135">
         <name>.const:g_sCrystalfontz128x128</name>
         <load_address>0x7628</load_address>
         <run_address>0x7628</run_address>
         <size>0x2c</size>
         <input_file_ref idref="fl-14"/>
      </object_component>
      <object_component id="oc-25a">
         <name>.const:g_pulPriority</name>
         <load_address>0x7654</load_address>
         <run_address>0x7654</run_address>
         <size>0x20</size>
         <input_file_ref idref="fl-21"/>
      </object_component>
      <object_component id="oc-2b6">
         <name>.const:$P$T0$1</name>
         <load_address>0x7674</load_address>
         <run_address>0x7674</run_address>
         <size>0x1c</size>
         <input_file_ref idref="fl-15"/>
      </object_component>
      <object_component id="oc-1de">
         <name>.const:GPIO_PORT_TO_INT</name>
         <load_address>0x7690</load_address>
         <run_address>0x7690</run_address>
         <size>0x1c</size>
         <input_file_ref idref="fl-1f"/>
      </object_component>
      <object_component id="oc-284">
         <name>.const:i2cConfig</name>
         <load_address>0x76ac</load_address>
         <run_address>0x76ac</run_address>
         <size>0x14</size>
         <input_file_ref idref="fl-2"/>
      </object_component>
      <object_component id="oc-213">
         <name>.const:$P$T0$1</name>
         <load_address>0x76c0</load_address>
         <run_address>0x76c0</run_address>
         <size>0x8</size>
         <input_file_ref idref="fl-14"/>
      </object_component>
      <object_component id="oc-197">
         <name>.const</name>
         <load_address>0x76c8</load_address>
         <run_address>0x76c8</run_address>
         <size>0x8</size>
         <input_file_ref idref="fl-1d"/>
      </object_component>
      <object_component id="oc-263">
         <name>.const:g_pulDisRegs</name>
         <load_address>0x76d0</load_address>
         <run_address>0x76d0</run_address>
         <size>0x8</size>
         <input_file_ref idref="fl-21"/>
      </object_component>
      <object_component id="oc-260">
         <name>.const:g_pulEnRegs</name>
         <load_address>0x76d8</load_address>
         <run_address>0x76d8</run_address>
         <size>0x8</size>
         <input_file_ref idref="fl-21"/>
      </object_component>
      <object_component id="oc-266">
         <name>.const:g_pulPendRegs</name>
         <load_address>0x76e0</load_address>
         <run_address>0x76e0</run_address>
         <size>0x8</size>
         <input_file_ref idref="fl-21"/>
      </object_component>
      <object_component id="oc-269">
         <name>.const:g_pulUnpendRegs</name>
         <load_address>0x76e8</load_address>
         <run_address>0x76e8</run_address>
         <size>0x8</size>
         <input_file_ref idref="fl-21"/>
      </object_component>
      <object_component id="oc-34d">
         <name>.cinit..data.load</name>
         <load_address>0x76f0</load_address>
         <run_address>0x76f0</run_address>
         <size>0x161</size>
      </object_component>
      <object_component id="oc-34e">
         <name>.cinit..bss.load</name>
         <load_address>0x7858</load_address>
         <run_address>0x7858</run_address>
         <size>0xb</size>
      </object_component>
      <object_component id="oc-34c">
         <name>.cinit..vtable.load</name>
         <load_address>0x7868</load_address>
         <run_address>0x7868</run_address>
         <size>0x9</size>
      </object_component>
      <object_component id="oc-34a">
         <name>__TI_handler_table</name>
         <load_address>0x7874</load_address>
         <run_address>0x7874</run_address>
         <size>0x8</size>
      </object_component>
      <object_component id="oc-34b">
         <name>__TI_cinit_table</name>
         <load_address>0x787c</load_address>
         <run_address>0x787c</run_address>
         <size>0x18</size>
      </object_component>
      <object_component id="oc-327">
         <name>.binit</name>
         <load_address>0x0</load_address>
         <run_address>0x0</run_address>
         <size>0x0</size>
      </object_component>
      <object_component id="oc-257">
         <name>.vtable</name>
         <uninitialized>true</uninitialized>
         <run_address>0x20000000</run_address>
         <size>0xe4</size>
         <input_file_ref idref="fl-21"/>
      </object_component>
      <object_component id="oc-1d4">
         <name>.data</name>
         <load_address>0x20000260</load_address>
         <run_address>0x20000260</run_address>
         <size>0x8</size>
         <input_file_ref idref="fl-4"/>
      </object_component>
      <object_component id="oc-da">
         <name>.data</name>
         <load_address>0x200000e8</load_address>
         <run_address>0x200000e8</run_address>
         <size>0x6c</size>
         <input_file_ref idref="fl-5"/>
      </object_component>
      <object_component id="oc-10a">
         <name>.data:msgAirOn</name>
         <load_address>0x200001e0</load_address>
         <run_address>0x200001e0</run_address>
         <size>0x1a</size>
         <input_file_ref idref="fl-5"/>
      </object_component>
      <object_component id="oc-10d">
         <name>.data:msgAirOff</name>
         <load_address>0x200001c4</load_address>
         <run_address>0x200001c4</run_address>
         <size>0x1c</size>
         <input_file_ref idref="fl-5"/>
      </object_component>
      <object_component id="oc-104">
         <name>.data:lampAcesa</name>
         <load_address>0x2000020c</load_address>
         <run_address>0x2000020c</run_address>
         <size>0x10</size>
         <input_file_ref idref="fl-5"/>
      </object_component>
      <object_component id="oc-107">
         <name>.data:lampApagada</name>
         <load_address>0x200001fa</load_address>
         <run_address>0x200001fa</run_address>
         <size>0x12</size>
         <input_file_ref idref="fl-5"/>
      </object_component>
      <object_component id="oc-117">
         <name>.data:msgArLigado</name>
         <load_address>0x20000244</load_address>
         <run_address>0x20000244</run_address>
         <size>0xa</size>
         <input_file_ref idref="fl-5"/>
      </object_component>
      <object_component id="oc-12c">
         <name>.data:msgArDesligado</name>
         <load_address>0x2000021c</load_address>
         <run_address>0x2000021c</run_address>
         <size>0xd</size>
         <input_file_ref idref="fl-5"/>
      </object_component>
      <object_component id="oc-132">
         <name>.data:msgLuzAcesa</name>
         <load_address>0x2000024e</load_address>
         <run_address>0x2000024e</run_address>
         <size>0xa</size>
         <input_file_ref idref="fl-5"/>
      </object_component>
      <object_component id="oc-12f">
         <name>.data:msgLuzApagada</name>
         <load_address>0x20000238</load_address>
         <run_address>0x20000238</run_address>
         <size>0xc</size>
         <input_file_ref idref="fl-5"/>
      </object_component>
      <object_component id="oc-171">
         <name>.data</name>
         <load_address>0x20000270</load_address>
         <run_address>0x20000270</run_address>
         <size>0x4</size>
         <input_file_ref idref="fl-7"/>
      </object_component>
      <object_component id="oc-188">
         <name>.data:__getBurstProgramRegs</name>
         <load_address>0x20000154</load_address>
         <run_address>0x20000154</run_address>
         <size>0x40</size>
         <input_file_ref idref="fl-1d"/>
      </object_component>
      <object_component id="oc-1db">
         <name>.data:GPIO_PORT_TO_BASE</name>
         <load_address>0x20000194</load_address>
         <run_address>0x20000194</run_address>
         <size>0x30</size>
         <input_file_ref idref="fl-1f"/>
      </object_component>
      <object_component id="oc-291">
         <name>.data</name>
         <load_address>0x20000268</load_address>
         <run_address>0x20000268</run_address>
         <size>0x4</size>
         <input_file_ref idref="fl-f1"/>
      </object_component>
      <object_component id="oc-b0">
         <name>.data:$O1$$</name>
         <load_address>0x2000022c</load_address>
         <run_address>0x2000022c</run_address>
         <size>0xc</size>
         <input_file_ref idref="fl-f2"/>
      </object_component>
      <object_component id="oc-73">
         <name>.data</name>
         <load_address>0x2000026c</load_address>
         <run_address>0x2000026c</run_address>
         <size>0x4</size>
         <input_file_ref idref="fl-fd"/>
      </object_component>
      <object_component id="oc-b3">
         <name>.data:$O1$$</name>
         <load_address>0x20000258</load_address>
         <run_address>0x20000258</run_address>
         <size>0x8</size>
         <input_file_ref idref="fl-102"/>
      </object_component>
      <object_component id="oc-241">
         <name>.bss:parmbuf</name>
         <uninitialized>true</uninitialized>
         <run_address>0x200003b4</run_address>
         <size>0x8</size>
         <input_file_ref idref="fl-100"/>
      </object_component>
      <object_component id="oc-2d0">
         <name>.bss:_CIOBUF_</name>
         <uninitialized>true</uninitialized>
         <run_address>0x20000278</run_address>
         <size>0x120</size>
         <input_file_ref idref="fl-101"/>
      </object_component>
      <object_component id="oc-113">
         <name>.common:tempArr</name>
         <uninitialized>true</uninitialized>
         <run_address>0x200003cc</run_address>
         <size>0x4</size>
      </object_component>
      <object_component id="oc-116">
         <name>.common:temp</name>
         <uninitialized>true</uninitialized>
         <run_address>0x200003c0</run_address>
         <size>0x8</size>
      </object_component>
      <object_component id="oc-115">
         <name>.common:lum</name>
         <uninitialized>true</uninitialized>
         <run_address>0x200003c8</run_address>
         <size>0x4</size>
      </object_component>
      <object_component id="oc-114">
         <name>.common:config</name>
         <uninitialized>true</uninitialized>
         <run_address>0x200003bc</run_address>
         <size>0x4</size>
      </object_component>
      <object_component id="oc-110">
         <name>.common:g_sContext</name>
         <uninitialized>true</uninitialized>
         <run_address>0x20000398</run_address>
         <size>0x1c</size>
      </object_component>
      <object_component id="oc-212">
         <name>.common:Lcd_Orientation</name>
         <uninitialized>true</uninitialized>
         <run_address>0x200003d8</run_address>
         <size>0x1</size>
      </object_component>
      <object_component id="oc-20a">
         <name>.common:Lcd_ScreenWidth</name>
         <uninitialized>true</uninitialized>
         <run_address>0x200003d2</run_address>
         <size>0x2</size>
      </object_component>
      <object_component id="oc-20d">
         <name>.common:Lcd_ScreenHeigth</name>
         <uninitialized>true</uninitialized>
         <run_address>0x200003d0</run_address>
         <size>0x2</size>
      </object_component>
      <object_component id="oc-20e">
         <name>.common:Lcd_PenSolid</name>
         <uninitialized>true</uninitialized>
         <run_address>0x200003d9</run_address>
         <size>0x1</size>
      </object_component>
      <object_component id="oc-20f">
         <name>.common:Lcd_FontSolid</name>
         <uninitialized>true</uninitialized>
         <run_address>0x200003d7</run_address>
         <size>0x1</size>
      </object_component>
      <object_component id="oc-210">
         <name>.common:Lcd_FlagRead</name>
         <uninitialized>true</uninitialized>
         <run_address>0x200003d6</run_address>
         <size>0x1</size>
      </object_component>
      <object_component id="oc-211">
         <name>.common:Lcd_TouchTrim</name>
         <uninitialized>true</uninitialized>
         <run_address>0x200003d4</run_address>
         <size>0x2</size>
      </object_component>
      <object_component id="oc-2f">
         <name>.stack</name>
         <uninitialized>true</uninitialized>
         <run_address>0x2000fe00</run_address>
         <size>0x0</size>
         <input_file_ref idref="fl-ea"/>
      </object_component>
      <object_component id="oc-34f">
         <name>.stack</name>
         <uninitialized>true</uninitialized>
         <run_address>0x2000fe00</run_address>
         <size>0x0</size>
      </object_component>
      <object_component id="oc-288">
         <name>.debug_info</name>
         <load_address>0x0</load_address>
         <run_address>0x0</run_address>
         <size>0x7f3</size>
         <input_file_ref idref="fl-2"/>
      </object_component>
      <object_component id="oc-285">
         <name>.debug_info</name>
         <load_address>0x7f3</load_address>
         <run_address>0x7f3</run_address>
         <size>0xd7</size>
         <input_file_ref idref="fl-2"/>
      </object_component>
      <object_component id="oc-1ba">
         <name>.debug_info</name>
         <load_address>0x8ca</load_address>
         <run_address>0x8ca</run_address>
         <size>0x61a</size>
         <input_file_ref idref="fl-2"/>
      </object_component>
      <object_component id="oc-146">
         <name>.debug_info</name>
         <load_address>0xee4</load_address>
         <run_address>0xee4</run_address>
         <size>0x9a</size>
         <input_file_ref idref="fl-2"/>
      </object_component>
      <object_component id="oc-1f3">
         <name>.debug_info</name>
         <load_address>0xf7e</load_address>
         <run_address>0xf7e</run_address>
         <size>0x103e</size>
         <input_file_ref idref="fl-2"/>
      </object_component>
      <object_component id="oc-1ee">
         <name>.debug_info</name>
         <load_address>0x1fbc</load_address>
         <run_address>0x1fbc</run_address>
         <size>0x37a3</size>
         <input_file_ref idref="fl-2"/>
      </object_component>
      <object_component id="oc-272">
         <name>.debug_info</name>
         <load_address>0x575f</load_address>
         <run_address>0x575f</run_address>
         <size>0x1b5</size>
         <input_file_ref idref="fl-2"/>
      </object_component>
      <object_component id="oc-8e">
         <name>.debug_info</name>
         <load_address>0x5914</load_address>
         <run_address>0x5914</run_address>
         <size>0x84</size>
         <input_file_ref idref="fl-2"/>
      </object_component>
      <object_component id="oc-13c">
         <name>.debug_info</name>
         <load_address>0x5998</load_address>
         <run_address>0x5998</run_address>
         <size>0x18b</size>
         <input_file_ref idref="fl-2"/>
      </object_component>
      <object_component id="oc-2ba">
         <name>.debug_info</name>
         <load_address>0x5b23</load_address>
         <run_address>0x5b23</run_address>
         <size>0x131</size>
         <input_file_ref idref="fl-2"/>
      </object_component>
      <object_component id="oc-e5">
         <name>.debug_info</name>
         <load_address>0x5c54</load_address>
         <run_address>0x5c54</run_address>
         <size>0x4f4</size>
         <input_file_ref idref="fl-3"/>
      </object_component>
      <object_component id="oc-1d8">
         <name>.debug_info</name>
         <load_address>0x6148</load_address>
         <run_address>0x6148</run_address>
         <size>0x48a</size>
         <input_file_ref idref="fl-4"/>
      </object_component>
      <object_component id="oc-1d5">
         <name>.debug_info</name>
         <load_address>0x65d2</load_address>
         <run_address>0x65d2</run_address>
         <size>0xcb</size>
         <input_file_ref idref="fl-4"/>
      </object_component>
      <object_component id="oc-ea">
         <name>.debug_info</name>
         <load_address>0x669d</load_address>
         <run_address>0x669d</run_address>
         <size>0x803</size>
         <input_file_ref idref="fl-4"/>
      </object_component>
      <object_component id="oc-111">
         <name>.debug_info</name>
         <load_address>0x6ea0</load_address>
         <run_address>0x6ea0</run_address>
         <size>0xd22</size>
         <input_file_ref idref="fl-5"/>
      </object_component>
      <object_component id="oc-db">
         <name>.debug_info</name>
         <load_address>0x7bc2</load_address>
         <run_address>0x7bc2</run_address>
         <size>0x43e</size>
         <input_file_ref idref="fl-5"/>
      </object_component>
      <object_component id="oc-10b">
         <name>.debug_info</name>
         <load_address>0x8000</load_address>
         <run_address>0x8000</run_address>
         <size>0xd2</size>
         <input_file_ref idref="fl-5"/>
      </object_component>
      <object_component id="oc-10e">
         <name>.debug_info</name>
         <load_address>0x80d2</load_address>
         <run_address>0x80d2</run_address>
         <size>0xd4</size>
         <input_file_ref idref="fl-5"/>
      </object_component>
      <object_component id="oc-105">
         <name>.debug_info</name>
         <load_address>0x81a6</load_address>
         <run_address>0x81a6</run_address>
         <size>0xd4</size>
         <input_file_ref idref="fl-5"/>
      </object_component>
      <object_component id="oc-108">
         <name>.debug_info</name>
         <load_address>0x827a</load_address>
         <run_address>0x827a</run_address>
         <size>0xd8</size>
         <input_file_ref idref="fl-5"/>
      </object_component>
      <object_component id="oc-118">
         <name>.debug_info</name>
         <load_address>0x8352</load_address>
         <run_address>0x8352</run_address>
         <size>0xd8</size>
         <input_file_ref idref="fl-5"/>
      </object_component>
      <object_component id="oc-12d">
         <name>.debug_info</name>
         <load_address>0x842a</load_address>
         <run_address>0x842a</run_address>
         <size>0xde</size>
         <input_file_ref idref="fl-5"/>
      </object_component>
      <object_component id="oc-133">
         <name>.debug_info</name>
         <load_address>0x8508</load_address>
         <run_address>0x8508</run_address>
         <size>0xd8</size>
         <input_file_ref idref="fl-5"/>
      </object_component>
      <object_component id="oc-130">
         <name>.debug_info</name>
         <load_address>0x85e0</load_address>
         <run_address>0x85e0</run_address>
         <size>0xdc</size>
         <input_file_ref idref="fl-5"/>
      </object_component>
      <object_component id="oc-7e">
         <name>.debug_info</name>
         <load_address>0x86bc</load_address>
         <run_address>0x86bc</run_address>
         <size>0xc7f</size>
         <input_file_ref idref="fl-5"/>
      </object_component>
      <object_component id="oc-1fd">
         <name>.debug_info</name>
         <load_address>0x933b</load_address>
         <run_address>0x933b</run_address>
         <size>0xc8</size>
         <input_file_ref idref="fl-5"/>
      </object_component>
      <object_component id="oc-1f8">
         <name>.debug_info</name>
         <load_address>0x9403</load_address>
         <run_address>0x9403</run_address>
         <size>0x17c</size>
         <input_file_ref idref="fl-5"/>
      </object_component>
      <object_component id="oc-1ac">
         <name>.debug_info</name>
         <load_address>0x957f</load_address>
         <run_address>0x957f</run_address>
         <size>0x40a</size>
         <input_file_ref idref="fl-5"/>
      </object_component>
      <object_component id="oc-141">
         <name>.debug_info</name>
         <load_address>0x9989</load_address>
         <run_address>0x9989</run_address>
         <size>0x8b</size>
         <input_file_ref idref="fl-5"/>
      </object_component>
      <object_component id="oc-85">
         <name>.debug_info</name>
         <load_address>0x9a14</load_address>
         <run_address>0x9a14</run_address>
         <size>0x11d</size>
         <input_file_ref idref="fl-6"/>
      </object_component>
      <object_component id="oc-2d">
         <name>.debug_info</name>
         <load_address>0x9b31</load_address>
         <run_address>0x9b31</run_address>
         <size>0xf5</size>
         <input_file_ref idref="fl-6"/>
      </object_component>
      <object_component id="oc-7a">
         <name>.debug_info</name>
         <load_address>0x9c26</load_address>
         <run_address>0x9c26</run_address>
         <size>0x1bc</size>
         <input_file_ref idref="fl-6"/>
      </object_component>
      <object_component id="oc-172">
         <name>.debug_info</name>
         <load_address>0x9de2</load_address>
         <run_address>0x9de2</run_address>
         <size>0xee</size>
         <input_file_ref idref="fl-7"/>
      </object_component>
      <object_component id="oc-bd">
         <name>.debug_info</name>
         <load_address>0x9ed0</load_address>
         <run_address>0x9ed0</run_address>
         <size>0x260</size>
         <input_file_ref idref="fl-7"/>
      </object_component>
      <object_component id="oc-228">
         <name>.debug_info</name>
         <load_address>0xa130</load_address>
         <run_address>0xa130</run_address>
         <size>0x207</size>
         <input_file_ref idref="fl-8"/>
      </object_component>
      <object_component id="oc-224">
         <name>.debug_info</name>
         <load_address>0xa337</load_address>
         <run_address>0xa337</run_address>
         <size>0xff</size>
         <input_file_ref idref="fl-8"/>
      </object_component>
      <object_component id="oc-139">
         <name>.debug_info</name>
         <load_address>0xa436</load_address>
         <run_address>0xa436</run_address>
         <size>0xf4</size>
         <input_file_ref idref="fl-8"/>
      </object_component>
      <object_component id="oc-218">
         <name>.debug_info</name>
         <load_address>0xa52a</load_address>
         <run_address>0xa52a</run_address>
         <size>0x352</size>
         <input_file_ref idref="fl-c"/>
      </object_component>
      <object_component id="oc-122">
         <name>.debug_info</name>
         <load_address>0xa87c</load_address>
         <run_address>0xa87c</run_address>
         <size>0xf1f</size>
         <input_file_ref idref="fl-c"/>
      </object_component>
      <object_component id="oc-27c">
         <name>.debug_info</name>
         <load_address>0xb79b</load_address>
         <run_address>0xb79b</run_address>
         <size>0x1f2</size>
         <input_file_ref idref="fl-d"/>
      </object_component>
      <object_component id="oc-1a7">
         <name>.debug_info</name>
         <load_address>0xb98d</load_address>
         <run_address>0xb98d</run_address>
         <size>0x93c</size>
         <input_file_ref idref="fl-d"/>
      </object_component>
      <object_component id="oc-27a">
         <name>.debug_info</name>
         <load_address>0xc2c9</load_address>
         <run_address>0xc2c9</run_address>
         <size>0x332</size>
         <input_file_ref idref="fl-10"/>
      </object_component>
      <object_component id="oc-19f">
         <name>.debug_info</name>
         <load_address>0xc5fb</load_address>
         <run_address>0xc5fb</run_address>
         <size>0x7ab</size>
         <input_file_ref idref="fl-10"/>
      </object_component>
      <object_component id="oc-1ab">
         <name>.debug_info</name>
         <load_address>0xcda6</load_address>
         <run_address>0xcda6</run_address>
         <size>0x2b1</size>
         <input_file_ref idref="fl-13"/>
      </object_component>
      <object_component id="oc-d5">
         <name>.debug_info</name>
         <load_address>0xd057</load_address>
         <run_address>0xd057</run_address>
         <size>0xa11</size>
         <input_file_ref idref="fl-13"/>
      </object_component>
      <object_component id="oc-20b">
         <name>.debug_info</name>
         <load_address>0xda68</load_address>
         <run_address>0xda68</run_address>
         <size>0x782</size>
         <input_file_ref idref="fl-14"/>
      </object_component>
      <object_component id="oc-136">
         <name>.debug_info</name>
         <load_address>0xe1ea</load_address>
         <run_address>0xe1ea</run_address>
         <size>0x10f</size>
         <input_file_ref idref="fl-14"/>
      </object_component>
      <object_component id="oc-214">
         <name>.debug_info</name>
         <load_address>0xe2f9</load_address>
         <run_address>0xe2f9</run_address>
         <size>0xf0</size>
         <input_file_ref idref="fl-14"/>
      </object_component>
      <object_component id="oc-11b">
         <name>.debug_info</name>
         <load_address>0xe3e9</load_address>
         <run_address>0xe3e9</run_address>
         <size>0x15b0</size>
         <input_file_ref idref="fl-14"/>
      </object_component>
      <object_component id="oc-2c1">
         <name>.debug_info</name>
         <load_address>0xf999</load_address>
         <run_address>0xf999</run_address>
         <size>0x37a3</size>
         <input_file_ref idref="fl-14"/>
      </object_component>
      <object_component id="oc-315">
         <name>.debug_info</name>
         <load_address>0x1313c</load_address>
         <run_address>0x1313c</run_address>
         <size>0x69d</size>
         <input_file_ref idref="fl-15"/>
      </object_component>
      <object_component id="oc-2b7">
         <name>.debug_info</name>
         <load_address>0x137d9</load_address>
         <run_address>0x137d9</run_address>
         <size>0x103</size>
         <input_file_ref idref="fl-15"/>
      </object_component>
      <object_component id="oc-205">
         <name>.debug_info</name>
         <load_address>0x138dc</load_address>
         <run_address>0x138dc</run_address>
         <size>0x59d</size>
         <input_file_ref idref="fl-15"/>
      </object_component>
      <object_component id="oc-18d">
         <name>.debug_info</name>
         <load_address>0x13e79</load_address>
         <run_address>0x13e79</run_address>
         <size>0x3c4</size>
         <input_file_ref idref="fl-19"/>
      </object_component>
      <object_component id="oc-19b">
         <name>.debug_info</name>
         <load_address>0x1423d</load_address>
         <run_address>0x1423d</run_address>
         <size>0x600</size>
         <input_file_ref idref="fl-1d"/>
      </object_component>
      <object_component id="oc-198">
         <name>.debug_info</name>
         <load_address>0x1483d</load_address>
         <run_address>0x1483d</run_address>
         <size>0x12b</size>
         <input_file_ref idref="fl-1d"/>
      </object_component>
      <object_component id="oc-189">
         <name>.debug_info</name>
         <load_address>0x14968</load_address>
         <run_address>0x14968</run_address>
         <size>0x101</size>
         <input_file_ref idref="fl-1d"/>
      </object_component>
      <object_component id="oc-c9">
         <name>.debug_info</name>
         <load_address>0x14a69</load_address>
         <run_address>0x14a69</run_address>
         <size>0x3bd3</size>
         <input_file_ref idref="fl-1d"/>
      </object_component>
      <object_component id="oc-1e2">
         <name>.debug_info</name>
         <load_address>0x1863c</load_address>
         <run_address>0x1863c</run_address>
         <size>0x4e0</size>
         <input_file_ref idref="fl-1f"/>
      </object_component>
      <object_component id="oc-1df">
         <name>.debug_info</name>
         <load_address>0x18b1c</load_address>
         <run_address>0x18b1c</run_address>
         <size>0xf6</size>
         <input_file_ref idref="fl-1f"/>
      </object_component>
      <object_component id="oc-1dc">
         <name>.debug_info</name>
         <load_address>0x18c12</load_address>
         <run_address>0x18c12</run_address>
         <size>0xf8</size>
         <input_file_ref idref="fl-1f"/>
      </object_component>
      <object_component id="oc-fa">
         <name>.debug_info</name>
         <load_address>0x18d0a</load_address>
         <run_address>0x18d0a</run_address>
         <size>0x19fd</size>
         <input_file_ref idref="fl-1f"/>
      </object_component>
      <object_component id="oc-21a">
         <name>.debug_info</name>
         <load_address>0x1a707</load_address>
         <run_address>0x1a707</run_address>
         <size>0x4cf</size>
         <input_file_ref idref="fl-20"/>
      </object_component>
      <object_component id="oc-127">
         <name>.debug_info</name>
         <load_address>0x1abd6</load_address>
         <run_address>0x1abd6</run_address>
         <size>0x2d1a</size>
         <input_file_ref idref="fl-20"/>
      </object_component>
      <object_component id="oc-26d">
         <name>.debug_info</name>
         <load_address>0x1d8f0</load_address>
         <run_address>0x1d8f0</run_address>
         <size>0x46e</size>
         <input_file_ref idref="fl-21"/>
      </object_component>
      <object_component id="oc-25b">
         <name>.debug_info</name>
         <load_address>0x1dd5e</load_address>
         <run_address>0x1dd5e</run_address>
         <size>0xf5</size>
         <input_file_ref idref="fl-21"/>
      </object_component>
      <object_component id="oc-25e">
         <name>.debug_info</name>
         <load_address>0x1de53</load_address>
         <run_address>0x1de53</run_address>
         <size>0xed</size>
         <input_file_ref idref="fl-21"/>
      </object_component>
      <object_component id="oc-261">
         <name>.debug_info</name>
         <load_address>0x1df40</load_address>
         <run_address>0x1df40</run_address>
         <size>0xf1</size>
         <input_file_ref idref="fl-21"/>
      </object_component>
      <object_component id="oc-264">
         <name>.debug_info</name>
         <load_address>0x1e031</load_address>
         <run_address>0x1e031</run_address>
         <size>0xf3</size>
         <input_file_ref idref="fl-21"/>
      </object_component>
      <object_component id="oc-267">
         <name>.debug_info</name>
         <load_address>0x1e124</load_address>
         <run_address>0x1e124</run_address>
         <size>0xf5</size>
         <input_file_ref idref="fl-21"/>
      </object_component>
      <object_component id="oc-26a">
         <name>.debug_info</name>
         <load_address>0x1e219</load_address>
         <run_address>0x1e219</run_address>
         <size>0xf9</size>
         <input_file_ref idref="fl-21"/>
      </object_component>
      <object_component id="oc-258">
         <name>.debug_info</name>
         <load_address>0x1e312</load_address>
         <run_address>0x1e312</run_address>
         <size>0xfa</size>
         <input_file_ref idref="fl-21"/>
      </object_component>
      <object_component id="oc-192">
         <name>.debug_info</name>
         <load_address>0x1e40c</load_address>
         <run_address>0x1e40c</run_address>
         <size>0x119d</size>
         <input_file_ref idref="fl-21"/>
      </object_component>
      <object_component id="oc-312">
         <name>.debug_info</name>
         <load_address>0x1f5a9</load_address>
         <run_address>0x1f5a9</run_address>
         <size>0x4d4</size>
         <input_file_ref idref="fl-29"/>
      </object_component>
      <object_component id="oc-2b2">
         <name>.debug_info</name>
         <load_address>0x1fa7d</load_address>
         <run_address>0x1fa7d</run_address>
         <size>0x3d65</size>
         <input_file_ref idref="fl-29"/>
      </object_component>
      <object_component id="oc-253">
         <name>.debug_info</name>
         <load_address>0x237e2</load_address>
         <run_address>0x237e2</run_address>
         <size>0x3a6</size>
         <input_file_ref idref="fl-2a"/>
      </object_component>
      <object_component id="oc-183">
         <name>.debug_info</name>
         <load_address>0x23b88</load_address>
         <run_address>0x23b88</run_address>
         <size>0xe9c</size>
         <input_file_ref idref="fl-2a"/>
      </object_component>
      <object_component id="oc-1b7">
         <name>.debug_info</name>
         <load_address>0x24a24</load_address>
         <run_address>0x24a24</run_address>
         <size>0x115</size>
         <input_file_ref idref="fl-e9"/>
      </object_component>
      <object_component id="oc-df">
         <name>.debug_info</name>
         <load_address>0x24b39</load_address>
         <run_address>0x24b39</run_address>
         <size>0x172</size>
         <input_file_ref idref="fl-e9"/>
      </object_component>
      <object_component id="oc-28">
         <name>.debug_info</name>
         <load_address>0x24cab</load_address>
         <run_address>0x24cab</run_address>
         <size>0x161</size>
         <input_file_ref idref="fl-ea"/>
      </object_component>
      <object_component id="oc-3b">
         <name>.debug_info</name>
         <load_address>0x24e0c</load_address>
         <run_address>0x24e0c</run_address>
         <size>0x141</size>
         <input_file_ref idref="fl-eb"/>
      </object_component>
      <object_component id="oc-18">
         <name>.debug_info</name>
         <load_address>0x24f4d</load_address>
         <run_address>0x24f4d</run_address>
         <size>0x1e0</size>
         <input_file_ref idref="fl-eb"/>
      </object_component>
      <object_component id="oc-36">
         <name>.debug_info</name>
         <load_address>0x2512d</load_address>
         <run_address>0x2512d</run_address>
         <size>0x46</size>
         <input_file_ref idref="fl-eb"/>
      </object_component>
      <object_component id="oc-87">
         <name>.debug_info</name>
         <load_address>0x25173</load_address>
         <run_address>0x25173</run_address>
         <size>0x2c</size>
         <input_file_ref idref="fl-eb"/>
      </object_component>
      <object_component id="oc-43">
         <name>.debug_info</name>
         <load_address>0x2519f</load_address>
         <run_address>0x2519f</run_address>
         <size>0x135</size>
         <input_file_ref idref="fl-ec"/>
      </object_component>
      <object_component id="oc-3d">
         <name>.debug_info</name>
         <load_address>0x252d4</load_address>
         <run_address>0x252d4</run_address>
         <size>0x248</size>
         <input_file_ref idref="fl-ec"/>
      </object_component>
      <object_component id="oc-1b">
         <name>.debug_info</name>
         <load_address>0x2551c</load_address>
         <run_address>0x2551c</run_address>
         <size>0x1b2</size>
         <input_file_ref idref="fl-ec"/>
      </object_component>
      <object_component id="oc-44">
         <name>.debug_info</name>
         <load_address>0x256ce</load_address>
         <run_address>0x256ce</run_address>
         <size>0x39</size>
         <input_file_ref idref="fl-ec"/>
      </object_component>
      <object_component id="oc-96">
         <name>.debug_info</name>
         <load_address>0x25707</load_address>
         <run_address>0x25707</run_address>
         <size>0x2c</size>
         <input_file_ref idref="fl-ec"/>
      </object_component>
      <object_component id="oc-281">
         <name>.debug_info</name>
         <load_address>0x25733</load_address>
         <run_address>0x25733</run_address>
         <size>0xef</size>
         <input_file_ref idref="fl-ee"/>
      </object_component>
      <object_component id="oc-1b4">
         <name>.debug_info</name>
         <load_address>0x25822</load_address>
         <run_address>0x25822</run_address>
         <size>0xfb</size>
         <input_file_ref idref="fl-ee"/>
      </object_component>
      <object_component id="oc-29e">
         <name>.debug_info</name>
         <load_address>0x2591d</load_address>
         <run_address>0x2591d</run_address>
         <size>0x202</size>
         <input_file_ref idref="fl-ef"/>
      </object_component>
      <object_component id="oc-295">
         <name>.debug_info</name>
         <load_address>0x25b1f</load_address>
         <run_address>0x25b1f</run_address>
         <size>0x11e</size>
         <input_file_ref idref="fl-ef"/>
      </object_component>
      <object_component id="oc-1cb">
         <name>.debug_info</name>
         <load_address>0x25c3d</load_address>
         <run_address>0x25c3d</run_address>
         <size>0xb76</size>
         <input_file_ref idref="fl-ef"/>
      </object_component>
      <object_component id="oc-2a0">
         <name>.debug_info</name>
         <load_address>0x267b3</load_address>
         <run_address>0x267b3</run_address>
         <size>0x39</size>
         <input_file_ref idref="fl-ef"/>
      </object_component>
      <object_component id="oc-2fd">
         <name>.debug_info</name>
         <load_address>0x267ec</load_address>
         <run_address>0x267ec</run_address>
         <size>0x14a</size>
         <input_file_ref idref="fl-f0"/>
      </object_component>
      <object_component id="oc-28f">
         <name>.debug_info</name>
         <load_address>0x26936</load_address>
         <run_address>0x26936</run_address>
         <size>0x241</size>
         <input_file_ref idref="fl-f0"/>
      </object_component>
      <object_component id="oc-292">
         <name>.debug_info</name>
         <load_address>0x26b77</load_address>
         <run_address>0x26b77</run_address>
         <size>0xf4</size>
         <input_file_ref idref="fl-f1"/>
      </object_component>
      <object_component id="oc-b7">
         <name>.debug_info</name>
         <load_address>0x26c6b</load_address>
         <run_address>0x26c6b</run_address>
         <size>0x235</size>
         <input_file_ref idref="fl-f2"/>
      </object_component>
      <object_component id="oc-b1">
         <name>.debug_info</name>
         <load_address>0x26ea0</load_address>
         <run_address>0x26ea0</run_address>
         <size>0x186</size>
         <input_file_ref idref="fl-f2"/>
      </object_component>
      <object_component id="oc-70">
         <name>.debug_info</name>
         <load_address>0x27026</load_address>
         <run_address>0x27026</run_address>
         <size>0x215</size>
         <input_file_ref idref="fl-f2"/>
      </object_component>
      <object_component id="oc-1c5">
         <name>.debug_info</name>
         <load_address>0x2723b</load_address>
         <run_address>0x2723b</run_address>
         <size>0x145</size>
         <input_file_ref idref="fl-f3"/>
      </object_component>
      <object_component id="oc-100">
         <name>.debug_info</name>
         <load_address>0x27380</load_address>
         <run_address>0x27380</run_address>
         <size>0x121</size>
         <input_file_ref idref="fl-f4"/>
      </object_component>
      <object_component id="oc-f5">
         <name>.debug_info</name>
         <load_address>0x274a1</load_address>
         <run_address>0x274a1</run_address>
         <size>0x123</size>
         <input_file_ref idref="fl-f4"/>
      </object_component>
      <object_component id="oc-1d0">
         <name>.debug_info</name>
         <load_address>0x275c4</load_address>
         <run_address>0x275c4</run_address>
         <size>0x133</size>
         <input_file_ref idref="fl-f5"/>
      </object_component>
      <object_component id="oc-1c0">
         <name>.debug_info</name>
         <load_address>0x276f7</load_address>
         <run_address>0x276f7</run_address>
         <size>0x133</size>
         <input_file_ref idref="fl-f6"/>
      </object_component>
      <object_component id="oc-f1">
         <name>.debug_info</name>
         <load_address>0x2782a</load_address>
         <run_address>0x2782a</run_address>
         <size>0x125</size>
         <input_file_ref idref="fl-f7"/>
      </object_component>
      <object_component id="oc-31">
         <name>.debug_info</name>
         <load_address>0x2794f</load_address>
         <run_address>0x2794f</run_address>
         <size>0x112</size>
         <input_file_ref idref="fl-f8"/>
      </object_component>
      <object_component id="oc-4b">
         <name>.debug_info</name>
         <load_address>0x27a61</load_address>
         <run_address>0x27a61</run_address>
         <size>0x140</size>
         <input_file_ref idref="fl-f9"/>
      </object_component>
      <object_component id="oc-56">
         <name>.debug_info</name>
         <load_address>0x27ba1</load_address>
         <run_address>0x27ba1</run_address>
         <size>0x139</size>
         <input_file_ref idref="fl-fa"/>
      </object_component>
      <object_component id="oc-5f">
         <name>.debug_info</name>
         <load_address>0x27cda</load_address>
         <run_address>0x27cda</run_address>
         <size>0x149</size>
         <input_file_ref idref="fl-fb"/>
      </object_component>
      <object_component id="oc-30e">
         <name>.debug_info</name>
         <load_address>0x27e23</load_address>
         <run_address>0x27e23</run_address>
         <size>0x17d</size>
         <input_file_ref idref="fl-fc"/>
      </object_component>
      <object_component id="oc-29a">
         <name>.debug_info</name>
         <load_address>0x27fa0</load_address>
         <run_address>0x27fa0</run_address>
         <size>0x1d6</size>
         <input_file_ref idref="fl-fc"/>
      </object_component>
      <object_component id="oc-309">
         <name>.debug_info</name>
         <load_address>0x28176</load_address>
         <run_address>0x28176</run_address>
         <size>0x2c</size>
         <input_file_ref idref="fl-fc"/>
      </object_component>
      <object_component id="oc-74">
         <name>.debug_info</name>
         <load_address>0x281a2</load_address>
         <run_address>0x281a2</run_address>
         <size>0x10a</size>
         <input_file_ref idref="fl-fd"/>
      </object_component>
      <object_component id="oc-19d">
         <name>.debug_info</name>
         <load_address>0x282ac</load_address>
         <run_address>0x282ac</run_address>
         <size>0xeb</size>
         <input_file_ref idref="fl-fe"/>
      </object_component>
      <object_component id="oc-cf">
         <name>.debug_info</name>
         <load_address>0x28397</load_address>
         <run_address>0x28397</run_address>
         <size>0x22b</size>
         <input_file_ref idref="fl-fe"/>
      </object_component>
      <object_component id="oc-181">
         <name>.debug_info</name>
         <load_address>0x285c2</load_address>
         <run_address>0x285c2</run_address>
         <size>0x100</size>
         <input_file_ref idref="fl-ff"/>
      </object_component>
      <object_component id="oc-c4">
         <name>.debug_info</name>
         <load_address>0x286c2</load_address>
         <run_address>0x286c2</run_address>
         <size>0x177</size>
         <input_file_ref idref="fl-ff"/>
      </object_component>
      <object_component id="oc-17c">
         <name>.debug_info</name>
         <load_address>0x28839</load_address>
         <run_address>0x28839</run_address>
         <size>0x39</size>
         <input_file_ref idref="fl-ff"/>
      </object_component>
      <object_component id="oc-245">
         <name>.debug_info</name>
         <load_address>0x28872</load_address>
         <run_address>0x28872</run_address>
         <size>0x250</size>
         <input_file_ref idref="fl-100"/>
      </object_component>
      <object_component id="oc-242">
         <name>.debug_info</name>
         <load_address>0x28ac2</load_address>
         <run_address>0x28ac2</run_address>
         <size>0xf9</size>
         <input_file_ref idref="fl-100"/>
      </object_component>
      <object_component id="oc-177">
         <name>.debug_info</name>
         <load_address>0x28bbb</load_address>
         <run_address>0x28bbb</run_address>
         <size>0xaba</size>
         <input_file_ref idref="fl-100"/>
      </object_component>
      <object_component id="oc-24b">
         <name>.debug_info</name>
         <load_address>0x29675</load_address>
         <run_address>0x29675</run_address>
         <size>0x53</size>
         <input_file_ref idref="fl-100"/>
      </object_component>
      <object_component id="oc-2db">
         <name>.debug_info</name>
         <load_address>0x296c8</load_address>
         <run_address>0x296c8</run_address>
         <size>0x2c</size>
         <input_file_ref idref="fl-100"/>
      </object_component>
      <object_component id="oc-246">
         <name>.debug_info</name>
         <load_address>0x296f4</load_address>
         <run_address>0x296f4</run_address>
         <size>0x2c</size>
         <input_file_ref idref="fl-100"/>
      </object_component>
      <object_component id="oc-2d4">
         <name>.debug_info</name>
         <load_address>0x29720</load_address>
         <run_address>0x29720</run_address>
         <size>0x117</size>
         <input_file_ref idref="fl-101"/>
      </object_component>
      <object_component id="oc-2d1">
         <name>.debug_info</name>
         <load_address>0x29837</load_address>
         <run_address>0x29837</run_address>
         <size>0xfe</size>
         <input_file_ref idref="fl-101"/>
      </object_component>
      <object_component id="oc-236">
         <name>.debug_info</name>
         <load_address>0x29935</load_address>
         <run_address>0x29935</run_address>
         <size>0x282</size>
         <input_file_ref idref="fl-101"/>
      </object_component>
      <object_component id="oc-16d">
         <name>.debug_info</name>
         <load_address>0x29bb7</load_address>
         <run_address>0x29bb7</run_address>
         <size>0x125</size>
         <input_file_ref idref="fl-102"/>
      </object_component>
      <object_component id="oc-b4">
         <name>.debug_info</name>
         <load_address>0x29cdc</load_address>
         <run_address>0x29cdc</run_address>
         <size>0x114</size>
         <input_file_ref idref="fl-102"/>
      </object_component>
      <object_component id="oc-168">
         <name>.debug_info</name>
         <load_address>0x29df0</load_address>
         <run_address>0x29df0</run_address>
         <size>0x220</size>
         <input_file_ref idref="fl-102"/>
      </object_component>
      <object_component id="oc-af">
         <name>.debug_info</name>
         <load_address>0x2a010</load_address>
         <run_address>0x2a010</run_address>
         <size>0x167</size>
         <input_file_ref idref="fl-103"/>
      </object_component>
      <object_component id="oc-69">
         <name>.debug_info</name>
         <load_address>0x2a177</load_address>
         <run_address>0x2a177</run_address>
         <size>0x168</size>
         <input_file_ref idref="fl-103"/>
      </object_component>
      <object_component id="oc-15e">
         <name>.debug_info</name>
         <load_address>0x2a2df</load_address>
         <run_address>0x2a2df</run_address>
         <size>0x5e</size>
         <input_file_ref idref="fl-103"/>
      </object_component>
      <object_component id="oc-ad">
         <name>.debug_info</name>
         <load_address>0x2a33d</load_address>
         <run_address>0x2a33d</run_address>
         <size>0x2ea</size>
         <input_file_ref idref="fl-104"/>
      </object_component>
      <object_component id="oc-62">
         <name>.debug_info</name>
         <load_address>0x2a627</load_address>
         <run_address>0x2a627</run_address>
         <size>0x191</size>
         <input_file_ref idref="fl-104"/>
      </object_component>
[...]
         <object_component_ref idref="oc-182"/>
      </symbol>
      <symbol id="sm-865">
         <name>SysCtl_getNMISourceStatus</name>
         <value>0x5ef7</value>
         <object_component_ref idref="oc-182"/>
      </symbol>
      <symbol id="sm-866">
         <name>SysCtl_enableNMISource</name>
         <value>0x5ee3</value>
         <object_component_ref idref="oc-182"/>
      </symbol>
      <symbol id="sm-867">
         <name>SysCtl_disableSRAMBank</name>
         <value>0x5f19</value>
         <object_component_ref idref="oc-182"/>
      </symbol>
      <symbol id="sm-868">
         <name>SysCtl_disableGlitchFilter</name>
         <value>0x603f</value>
         <object_component_ref idref="oc-182"/>
      </symbol>
      <symbol id="sm-869">
         <name>SysCtl_disableNMISource</name>
         <value>0x5ecf</value>
         <object_component_ref idref="oc-182"/>
      </symbol>
      <symbol id="sm-86a">
         <name>SysCtl_setWDTPasswordViolationResetType</name>
         <value>0x600f</value>
         <object_component_ref idref="oc-182"/>
      </symbol>
      <symbol id="sm-86b">
         <name>SysCtl_rebootDevice</name>
         <value>0x5fb9</value>
         <object_component_ref idref="oc-182"/>
      </symbol>
      <symbol id="sm-86c">
         <name>SysCtl_getFlashSize</name>
         <value>0x5ec9</value>
         <object_component_ref idref="oc-182"/>
      </symbol>
      <symbol id="sm-86d">
         <name>SysCtl_getTLVInfo</name>
         <value>0x5e4d</value>
         <object_component_ref idref="oc-182"/>
      </symbol>
      <symbol id="sm-86e">
         <name>SysCtl_enableGlitchFilter</name>
         <value>0x6033</value>
         <object_component_ref idref="oc-182"/>
      </symbol>
      <symbol id="sm-86f">
         <name>SysCtl_enableSRAMBankRetention</name>
         <value>0x5f81</value>
         <object_component_ref idref="oc-182"/>
      </symbol>
      <symbol id="sm-88a">
         <name>atoi</name>
         <value>0x6f3d</value>
         <object_component_ref idref="oc-dd"/>
      </symbol>
      <symbol id="sm-89b">
         <name>_c_int00</name>
         <value>0x6e95</value>
         <object_component_ref idref="oc-26"/>
      </symbol>
      <symbol id="sm-89c">
         <name>__stack</name>
         <value>0x2000fe00</value>
         <object_component_ref idref="oc-2f"/>
      </symbol>
      <symbol id="sm-8b3">
         <name>__TI_decompress_none</name>
         <value>0x70a9</value>
         <object_component_ref idref="oc-14"/>
      </symbol>
      <symbol id="sm-8db">
         <name>__TI_decompress_rle24</name>
         <value>0x70d3</value>
         <object_component_ref idref="oc-1a"/>
      </symbol>
      <symbol id="sm-8e7">
         <name>_ctypes_</name>
         <value>0x73d8</value>
         <object_component_ref idref="oc-1b3"/>
      </symbol>
      <symbol id="sm-976">
         <name>pow</name>
         <value>0x168d</value>
         <object_component_ref idref="oc-1c9"/>
      </symbol>
      <symbol id="sm-977">
         <name>powl</name>
         <value>0x168d</value>
         <object_component_ref idref="oc-1c9"/>
      </symbol>
      <symbol id="sm-99b">
         <name>sqrtl</name>
         <value>0x6249</value>
         <object_component_ref idref="oc-28b"/>
      </symbol>
      <symbol id="sm-99c">
         <name>sqrt</name>
         <value>0x6249</value>
         <object_component_ref idref="oc-28b"/>
      </symbol>
      <symbol id="sm-9a4">
         <name>errno</name>
         <value>0x20000268</value>
         <object_component_ref idref="oc-291"/>
      </symbol>
      <symbol id="sm-9c5">
         <name>C$$EXIT</name>
         <value>0x6ee9</value>
         <object_component_ref idref="oc-6d"/>
      </symbol>
      <symbol id="sm-9c6">
         <name>abort</name>
         <value>0x6eed</value>
         <object_component_ref idref="oc-6d"/>
      </symbol>
      <symbol id="sm-9c7">
         <name>exit</name>
         <value>0x6ef5</value>
         <object_component_ref idref="oc-6d"/>
      </symbol>
      <symbol id="sm-9c8">
         <name>__TI_dtors_ptr</name>
         <value>0x20000230</value>
         <object_component_ref idref="oc-b0"/>
      </symbol>
      <symbol id="sm-9c9">
         <name>__TI_cleanup_ptr</name>
         <value>0x2000022c</value>
         <object_component_ref idref="oc-b0"/>
      </symbol>
      <symbol id="sm-9ca">
         <name>__TI_enable_exit_profile_output</name>
         <value>0x20000234</value>
         <object_component_ref idref="oc-b0"/>
      </symbol>
      <symbol id="sm-9e1">
         <name>__aeabi_dsub</name>
         <value>0x6091</value>
         <object_component_ref idref="oc-1c4"/>
      </symbol>
      <symbol id="sm-9e2">
         <name>__aeabi_dadd</name>
         <value>0x609b</value>
         <object_component_ref idref="oc-1c4"/>
      </symbol>
      <symbol id="sm-a04">
         <name>__aeabi_cdcmpeq</name>
         <value>0x6bc9</value>
         <object_component_ref idref="oc-ff"/>
      </symbol>
      <symbol id="sm-a05">
         <name>__aeabi_cdcmple</name>
         <value>0x6bc9</value>
         <object_component_ref idref="oc-ff"/>
      </symbol>
      <symbol id="sm-a06">
         <name>__aeabi_cdrcmple</name>
         <value>0x6c4f</value>
         <object_component_ref idref="oc-f4"/>
      </symbol>
      <symbol id="sm-a1a">
         <name>__aeabi_ddiv</name>
         <value>0x64f5</value>
         <object_component_ref idref="oc-1cf"/>
      </symbol>
      <symbol id="sm-a25">
         <name>__aeabi_dmul</name>
         <value>0x6879</value>
         <object_component_ref idref="oc-1bf"/>
      </symbol>
      <symbol id="sm-a2f">
         <name>__aeabi_i2d</name>
         <value>0x7013</value>
         <object_component_ref idref="oc-ef"/>
      </symbol>
      <symbol id="sm-a4a">
         <name>memcpy</name>
         <value>0x6b2d</value>
         <object_component_ref idref="oc-30"/>
      </symbol>
      <symbol id="sm-a4b">
         <name>__aeabi_memcpy</name>
         <value>0x6b2d</value>
         <object_component_ref idref="oc-30"/>
      </symbol>
      <symbol id="sm-a4c">
         <name>__aeabi_memcpy8</name>
         <value>0x6b2d</value>
         <object_component_ref idref="oc-30"/>
      </symbol>
      <symbol id="sm-a4d">
         <name>__aeabi_memcpy4</name>
         <value>0x6b2d</value>
         <object_component_ref idref="oc-30"/>
      </symbol>
      <symbol id="sm-a5c">
         <name>__aeabi_memset</name>
         <value>0x6cd7</value>
         <object_component_ref idref="oc-49"/>
      </symbol>
      <symbol id="sm-a5d">
         <name>memset</name>
         <value>0x6cdd</value>
         <object_component_ref idref="oc-49"/>
      </symbol>
      <symbol id="sm-a5e">
         <name>__aeabi_memset8</name>
         <value>0x6cd7</value>
         <object_component_ref idref="oc-49"/>
      </symbol>
      <symbol id="sm-a5f">
         <name>__aeabi_memset4</name>
         <value>0x6cd7</value>
         <object_component_ref idref="oc-49"/>
      </symbol>
      <symbol id="sm-a60">
         <name>__aeabi_memclr8</name>
         <value>0x6cd5</value>
         <object_component_ref idref="oc-49"/>
      </symbol>
      <symbol id="sm-a61">
         <name>__aeabi_memclr4</name>
         <value>0x6cd5</value>
         <object_component_ref idref="oc-49"/>
      </symbol>
      <symbol id="sm-a62">
         <name>__aeabi_memclr</name>
         <value>0x6cd5</value>
         <object_component_ref idref="oc-49"/>
      </symbol>
      <symbol id="sm-a6c">
         <name>__mpu_init</name>
         <value>0x5e4b</value>
         <object_component_ref idref="oc-55"/>
      </symbol>
      <symbol id="sm-a76">
         <name>_system_pre_init</name>
         <value>0x70d9</value>
         <object_component_ref idref="oc-5b"/>
      </symbol>
      <symbol id="sm-a98">
         <name>scalbn</name>
         <value>0x6975</value>
         <object_component_ref idref="oc-297"/>
      </symbol>
      <symbol id="sm-a99">
         <name>scalbnl</name>
         <value>0x6975</value>
         <object_component_ref idref="oc-297"/>
      </symbol>
      <symbol id="sm-a9a">
         <name>ldexpl</name>
         <value>0x6975</value>
         <object_component_ref idref="oc-297"/>
      </symbol>
      <symbol id="sm-a9b">
         <name>ldexp</name>
         <value>0x6975</value>
         <object_component_ref idref="oc-297"/>
      </symbol>
      <symbol id="sm-aa3">
         <name>main_func_sp</name>
         <value>0x2000026c</value>
         <object_component_ref idref="oc-73"/>
      </symbol>
      <symbol id="sm-ab1">
         <name>strlen</name>
         <value>0x7095</value>
         <object_component_ref idref="oc-ce"/>
      </symbol>
      <symbol id="sm-ac4">
         <name>__time32</name>
         <value>0x70b7</value>
         <object_component_ref idref="oc-c2"/>
      </symbol>
      <symbol id="sm-ac5">
         <name>time</name>
         <value>0x70b7</value>
         <object_component_ref idref="oc-c2"/>
      </symbol>
      <symbol id="sm-af7">
         <name>HOSTgetenv</name>
         <value>0x5b21</value>
         <object_component_ref idref="oc-175"/>
      </symbol>
      <symbol id="sm-af8">
         <name>HOSTrename</name>
         <value>0x59c9</value>
         <object_component_ref idref="oc-175"/>
      </symbol>
      <symbol id="sm-af9">
         <name>HOSTclose</name>
         <value>0x5b5f</value>
         <object_component_ref idref="oc-175"/>
      </symbol>
      <symbol id="sm-afa">
         <name>HOSTtime64</name>
         <value>0x5945</value>
         <object_component_ref idref="oc-175"/>
      </symbol>
      <symbol id="sm-afb">
         <name>HOSTunlink</name>
         <value>0x590d</value>
         <object_component_ref idref="oc-175"/>
      </symbol>
      <symbol id="sm-afc">
         <name>HOSTlseek</name>
         <value>0x5ac5</value>
         <object_component_ref idref="oc-175"/>
      </symbol>
      <symbol id="sm-afd">
         <name>HOSTopen</name>
         <value>0x5a73</value>
         <object_component_ref idref="oc-175"/>
      </symbol>
      <symbol id="sm-afe">
         <name>HOSTclock</name>
         <value>0x5b97</value>
         <object_component_ref idref="oc-175"/>
      </symbol>
      <symbol id="sm-aff">
         <name>HOSTwrite</name>
         <value>0x58c1</value>
         <object_component_ref idref="oc-175"/>
      </symbol>
      <symbol id="sm-b00">
         <name>HOSTread</name>
         <value>0x5a27</value>
         <object_component_ref idref="oc-175"/>
      </symbol>
      <symbol id="sm-b01">
         <name>HOSTtime</name>
         <value>0x598f</value>
         <object_component_ref idref="oc-175"/>
      </symbol>
      <symbol id="sm-b1c">
         <name>__TI_readmsg</name>
         <value>0x6e5f</value>
         <object_component_ref idref="oc-235"/>
      </symbol>
      <symbol id="sm-b1d">
         <name>C$$IO$$</name>
         <value>0x6e5b</value>
         <object_component_ref idref="oc-235"/>
      </symbol>
      <symbol id="sm-b1e">
         <name>__CIOBUF_</name>
         <value>0x20000278</value>
         <object_component_ref idref="oc-2d0"/>
      </symbol>
      <symbol id="sm-b1f">
         <name>__TI_writemsg</name>
         <value>0x6e2d</value>
         <object_component_ref idref="oc-235"/>
      </symbol>
      <symbol id="sm-b38">
         <name>_nop</name>
         <value>0x7067</value>
         <object_component_ref idref="oc-165"/>
      </symbol>
      <symbol id="sm-b39">
         <name>_lock</name>
         <value>0x20000258</value>
         <object_component_ref idref="oc-b3"/>
      </symbol>
      <symbol id="sm-b3a">
         <name>_unlock</name>
         <value>0x2000025c</value>
         <object_component_ref idref="oc-b3"/>
      </symbol>
      <symbol id="sm-b3b">
         <name>_register_lock</name>
         <value>0x705f</value>
         <object_component_ref idref="oc-165"/>
      </symbol>
      <symbol id="sm-b3c">
         <name>_register_unlock</name>
         <value>0x7059</value>
         <object_component_ref idref="oc-165"/>
      </symbol>
      <symbol id="sm-b50">
         <name>_args_main</name>
         <value>0x7041</value>
         <object_component_ref idref="oc-67"/>
      </symbol>
      <symbol id="sm-b75">
         <name>__TI_auto_init</name>
         <value>0x6d51</value>
         <object_component_ref idref="oc-61"/>
      </symbol>
      <symbol id="sm-b8f">
         <name>copy_in</name>
         <value>0x6f89</value>
         <object_component_ref idref="oc-a0"/>
      </symbol>
      <symbol id="sm-b99">
         <name>copysign</name>
         <value>0x706d</value>
         <object_component_ref idref="oc-302"/>
      </symbol>
      <symbol id="sm-b9a">
         <name>copysignl</name>
         <value>0x706d</value>
         <object_component_ref idref="oc-302"/>
      </symbol>
      <symbol id="sm-ba4">
         <name>_system_post_cinit</name>
         <value>0x6247</value>
         <object_component_ref idref="oc-a6"/>
      </symbol>
      <symbol id="sm-bb2">
         <name>strcpy</name>
         <value>0x7081</value>
         <object_component_ref idref="oc-23b"/>
      </symbol>
      <symbol id="sm-bb3">
         <name>__TI_static_base__</name>
         <value>0x0</value>
      </symbol>
      <symbol id="sm-bb6">
         <name>SHT$$INIT_ARRAY$$Limit</name>
         <value>0x0</value>
      </symbol>
      <symbol id="sm-bb7">
         <name>SHT$$INIT_ARRAY$$Base</name>
         <value>0x0</value>
      </symbol>
      <symbol id="sm-bb8">
         <name>NMI_Handler</name>
         <value>0x70d1</value>
      </symbol>
      <symbol id="sm-bb9">
         <name>HardFault_Handler</name>
         <value>0x70d1</value>
      </symbol>
      <symbol id="sm-bba">
         <name>MemManage_Handler</name>
         <value>0x70d1</value>
      </symbol>
      <symbol id="sm-bbb">
         <name>BusFault_Handler</name>
         <value>0x70d1</value>
      </symbol>
      <symbol id="sm-bbc">
         <name>UsageFault_Handler</name>
         <value>0x70d1</value>
      </symbol>
      <symbol id="sm-bbd">
         <name>SVC_Handler</name>
         <value>0x70d1</value>
      </symbol>
      <symbol id="sm-bbe">
         <name>DebugMon_Handler</name>
         <value>0x70d1</value>
      </symbol>
      <symbol id="sm-bbf">
         <name>PendSV_Handler</name>
         <value>0x70d1</value>
      </symbol>
      <symbol id="sm-bc0">
         <name>SysTick_Handler</name>
         <value>0x70d1</value>
      </symbol>
      <symbol id="sm-bc1">
         <name>PSS_IRQHandler</name>
         <value>0x70d1</value>
      </symbol>
      <symbol id="sm-bc2">
         <name>CS_IRQHandler</name>
         <value>0x70d1</value>
      </symbol>
      <symbol id="sm-bc3">
         <name>PCM_IRQHandler</name>
         <value>0x70d1</value>
      </symbol>
      <symbol id="sm-bc4">
         <name>WDT_A_IRQHandler</name>
         <value>0x70d1</value>
      </symbol>
      <symbol id="sm-bc5">
         <name>FPU_IRQHandler</name>
         <value>0x70d1</value>
      </symbol>
      <symbol id="sm-bc6">
         <name>FLCTL_IRQHandler</name>
         <value>0x70d1</value>
      </symbol>
      <symbol id="sm-bc7">
         <name>COMP_E0_IRQHandler</name>
         <value>0x70d1</value>
      </symbol>
      <symbol id="sm-bc8">
         <name>COMP_E1_IRQHandler</name>
         <value>0x70d1</value>
      </symbol>
      <symbol id="sm-bc9">
         <name>TA0_0_IRQHandler</name>
         <value>0x70d1</value>
      </symbol>
      <symbol id="sm-bca">
         <name>TA0_N_IRQHandler</name>
         <value>0x70d1</value>
      </symbol>
      <symbol id="sm-bcb">
         <name>TA1_0_IRQHandler</name>
         <value>0x70d1</value>
      </symbol>
      <symbol id="sm-bcc">
         <name>TA1_N_IRQHandler</name>
         <value>0x70d1</value>
      </symbol>
      <symbol id="sm-bcd">
         <name>TA2_0_IRQHandler</name>
         <value>0x70d1</value>
      </symbol>
      <symbol id="sm-bce">
         <name>TA2_N_IRQHandler</name>
         <value>0x70d1</value>
      </symbol>
      <symbol id="sm-bcf">
         <name>TA3_0_IRQHandler</name>
         <value>0x70d1</value>
      </symbol>
      <symbol id="sm-bd0">
         <name>TA3_N_IRQHandler</name>
         <value>0x70d1</value>
      </symbol>
      <symbol id="sm-bd1">
         <name>EUSCIA0_IRQHandler</name>
         <value>0x3685</value>
      </symbol>
      <symbol id="sm-bd2">
         <name>EUSCIA1_IRQHandler</name>
         <value>0x70d1</value>
      </symbol>
      <symbol id="sm-bd3">
         <name>EUSCIA2_IRQHandler</name>
         <value>0x70d1</value>
      </symbol>
      <symbol id="sm-bd4">
         <name>EUSCIA3_IRQHandler</name>
         <value>0x70d1</value>
      </symbol>
      <symbol id="sm-bd5">
         <name>EUSCIB0_IRQHandler</name>
         <value>0x70d1</value>
      </symbol>
      <symbol id="sm-bd6">
         <name>EUSCIB1_IRQHandler</name>
         <value>0x70d1</value>
      </symbol>
      <symbol id="sm-bd7">
         <name>EUSCIB2_IRQHandler</name>
         <value>0x70d1</value>
      </symbol>
      <symbol id="sm-bd8">
         <name>EUSCIB3_IRQHandler</name>
         <value>0x70d1</value>
      </symbol>
      <symbol id="sm-bd9">
         <name>ADC14_IRQHandler</name>
         <value>0x70d1</value>
      </symbol>
      <symbol id="sm-bda">
         <name>T32_INT1_IRQHandler</name>
         <value>0x36eb</value>
      </symbol>
      <symbol id="sm-bdb">
         <name>T32_INT2_IRQHandler</name>
         <value>0x70d1</value>
      </symbol>
      <symbol id="sm-bdc">
         <name>T32_INTC_IRQHandler</name>
         <value>0x70d1</value>
      </symbol>
      <symbol id="sm-bdd">
         <name>AES256_IRQHandler</name>
         <value>0x70d1</value>
      </symbol>
      <symbol id="sm-bde">
         <name>RTC_C_IRQHandler</name>
         <value>0x70d1</value>
      </symbol>
      <symbol id="sm-bdf">
         <name>DMA_ERR_IRQHandler</name>
         <value>0x70d1</value>
      </symbol>
      <symbol id="sm-be0">
         <name>DMA_INT3_IRQHandler</name>
         <value>0x70d1</value>
      </symbol>
      <symbol id="sm-be1">
         <name>DMA_INT2_IRQHandler</name>
         <value>0x70d1</value>
      </symbol>
      <symbol id="sm-be2">
         <name>DMA_INT1_IRQHandler</name>
         <value>0x70d1</value>
      </symbol>
      <symbol id="sm-be3">
         <name>DMA_INT0_IRQHandler</name>
         <value>0x70d1</value>
      </symbol>
      <symbol id="sm-be4">
         <name>PORT1_IRQHandler</name>
         <value>0x70d1</value>
      </symbol>
      <symbol id="sm-be5">
         <name>PORT2_IRQHandler</name>
         <value>0x70d1</value>
      </symbol>
      <symbol id="sm-be6">
         <name>PORT3_IRQHandler</name>
         <value>0x70d1</value>
      </symbol>
      <symbol id="sm-be7">
         <name>PORT4_IRQHandler</name>
         <value>0x70d1</value>
      </symbol>
      <symbol id="sm-be8">
         <name>PORT5_IRQHandler</name>
         <value>0x70d1</value>
      </symbol>
      <symbol id="sm-be9">
         <name>PORT6_IRQHandler</name>
         <value>0x70d1</value>
      </symbol>
   </symbol_table>
   <title>Link successful</title>
</link_info>
